Component: Arm Compiler for Embedded 6.21 Tool: armlink [5ec1fa00]

==============================================================================

Section Cross References

    at32f421_int.o(.ARM.exidx.text.NMI_Handler) refers to at32f421_int.o(.text.NMI_Handler) for [Anonymous Symbol]
    at32f421_int.o(.ARM.exidx.text.HardFault_Handler) refers to at32f421_int.o(.text.HardFault_Handler) for [Anonymous Symbol]
    at32f421_int.o(.ARM.exidx.text.MemManage_Handler) refers to at32f421_int.o(.text.MemManage_Handler) for [Anonymous Symbol]
    at32f421_int.o(.ARM.exidx.text.BusFault_Handler) refers to at32f421_int.o(.text.BusFault_Handler) for [Anonymous Symbol]
    at32f421_int.o(.ARM.exidx.text.UsageFault_Handler) refers to at32f421_int.o(.text.UsageFault_Handler) for [Anonymous Symbol]
    at32f421_int.o(.ARM.exidx.text.SVC_Handler) refers to at32f421_int.o(.text.SVC_Handler) for [Anonymous Symbol]
    at32f421_int.o(.ARM.exidx.text.DebugMon_Handler) refers to at32f421_int.o(.text.DebugMon_Handler) for [Anonymous Symbol]
    at32f421_int.o(.ARM.exidx.text.PendSV_Handler) refers to at32f421_int.o(.text.PendSV_Handler) for [Anonymous Symbol]
    at32f421_int.o(.ARM.exidx.text.SysTick_Handler) refers to at32f421_int.o(.text.SysTick_Handler) for [Anonymous Symbol]
    at32f421_int.o(.ARM.exidx.text.DMA1_Channel1_IRQHandler) refers to at32f421_int.o(.text.DMA1_Channel1_IRQHandler) for [Anonymous Symbol]
    at32f421_int.o(.ARM.exidx.text.TMR1_CH_IRQHandler) refers to at32f421_int.o(.text.TMR1_CH_IRQHandler) for [Anonymous Symbol]
    at32f421_int.o(.ARM.exidx.text.TMR15_GLOBAL_IRQHandler) refers to at32f421_int.o(.text.TMR15_GLOBAL_IRQHandler) for [Anonymous Symbol]
    at32f421_wk_config.o(.text.wk_system_clock_config) refers to at32f421_crm.o(.text.crm_reset) for crm_reset
    at32f421_wk_config.o(.text.wk_system_clock_config) refers to at32f421_crm.o(.text.crm_clock_source_enable) for crm_clock_source_enable
    at32f421_wk_config.o(.text.wk_system_clock_config) refers to at32f421_crm.o(.text.crm_flag_get) for crm_flag_get
    at32f421_wk_config.o(.text.wk_system_clock_config) refers to at32f421_crm.o(.text.crm_pll_config) for crm_pll_config
    at32f421_wk_config.o(.text.wk_system_clock_config) refers to at32f421_crm.o(.text.crm_ahb_div_set) for crm_ahb_div_set
    at32f421_wk_config.o(.text.wk_system_clock_config) refers to at32f421_crm.o(.text.crm_apb2_div_set) for crm_apb2_div_set
    at32f421_wk_config.o(.text.wk_system_clock_config) refers to at32f421_crm.o(.text.crm_apb1_div_set) for crm_apb1_div_set
    at32f421_wk_config.o(.text.wk_system_clock_config) refers to at32f421_crm.o(.text.crm_auto_step_mode_enable) for crm_auto_step_mode_enable
    at32f421_wk_config.o(.text.wk_system_clock_config) refers to at32f421_crm.o(.text.crm_sysclk_switch) for crm_sysclk_switch
    at32f421_wk_config.o(.text.wk_system_clock_config) refers to at32f421_crm.o(.text.crm_sysclk_switch_status_get) for crm_sysclk_switch_status_get
    at32f421_wk_config.o(.text.wk_system_clock_config) refers to system_at32f421.o(.text.system_core_clock_update) for system_core_clock_update
    at32f421_wk_config.o(.ARM.exidx.text.wk_system_clock_config) refers to at32f421_wk_config.o(.text.wk_system_clock_config) for [Anonymous Symbol]
    at32f421_wk_config.o(.text.wk_periph_clock_config) refers to at32f421_crm.o(.text.crm_periph_clock_enable) for crm_periph_clock_enable
    at32f421_wk_config.o(.ARM.exidx.text.wk_periph_clock_config) refers to at32f421_wk_config.o(.text.wk_periph_clock_config) for [Anonymous Symbol]
    at32f421_wk_config.o(.text.wk_nvic_config) refers to at32f421_misc.o(.text.nvic_priority_group_config) for nvic_priority_group_config
    at32f421_wk_config.o(.text.wk_nvic_config) refers to at32f421_misc.o(.text.nvic_irq_enable) for nvic_irq_enable
    at32f421_wk_config.o(.ARM.exidx.text.wk_nvic_config) refers to at32f421_wk_config.o(.text.wk_nvic_config) for [Anonymous Symbol]
    main.o(.text.main) refers to at32f421_wk_config.o(.text.wk_system_clock_config) for wk_system_clock_config
    main.o(.text.main) refers to at32f421_wk_config.o(.text.wk_periph_clock_config) for wk_periph_clock_config
    main.o(.text.main) refers to at32f421_wk_config.o(.text.wk_nvic_config) for wk_nvic_config
    main.o(.text.main) refers to wk_system.o(.text.wk_timebase_init) for wk_timebase_init
    main.o(.text.main) refers to wk_gpio.o(.text.wk_gpio_config) for wk_gpio_config
    main.o(.text.main) refers to wk_dma.o(.text.wk_dma1_channel1_init) for wk_dma1_channel1_init
    main.o(.text.main) refers to wk_dma.o(.text.wk_dma_channel_config) for wk_dma_channel_config
    main.o(.text.main) refers to at32f421_dma.o(.text.dma_channel_enable) for dma_channel_enable
    main.o(.text.main) refers to wk_adc.o(.text.wk_adc1_init) for wk_adc1_init
    main.o(.text.main) refers to wk_tmr.o(.text.wk_tmr1_init) for wk_tmr1_init
    main.o(.text.main) refers to wk_tmr.o(.text.wk_tmr15_init) for wk_tmr15_init
[...]
    at32f421_adc.o(.ARM.exidx.text.adc_voltage_monitor_threshold_value_set) refers to at32f421_adc.o(.text.adc_voltage_monitor_threshold_value_set) for [Anonymous Symbol]
    at32f421_adc.o(.ARM.exidx.text.adc_voltage_monitor_single_channel_select) refers to at32f421_adc.o(.text.adc_voltage_monitor_single_channel_select) for [Anonymous Symbol]
    at32f421_adc.o(.ARM.exidx.text.adc_ordinary_channel_set) refers to at32f421_adc.o(.text.adc_ordinary_channel_set) for [Anonymous Symbol]
    at32f421_adc.o(.ARM.exidx.text.adc_preempt_channel_length_set) refers to at32f421_adc.o(.text.adc_preempt_channel_length_set) for [Anonymous Symbol]
    at32f421_adc.o(.ARM.exidx.text.adc_preempt_channel_set) refers to at32f421_adc.o(.text.adc_preempt_channel_set) for [Anonymous Symbol]
    at32f421_adc.o(.ARM.exidx.text.adc_ordinary_conversion_trigger_set) refers to at32f421_adc.o(.text.adc_ordinary_conversion_trigger_set) for [Anonymous Symbol]
    at32f421_adc.o(.ARM.exidx.text.adc_preempt_conversion_trigger_set) refers to at32f421_adc.o(.text.adc_preempt_conversion_trigger_set) for [Anonymous Symbol]
    at32f421_adc.o(.ARM.exidx.text.adc_preempt_offset_value_set) refers to at32f421_adc.o(.text.adc_preempt_offset_value_set) for [Anonymous Symbol]
    at32f421_adc.o(.ARM.exidx.text.adc_ordinary_part_count_set) refers to at32f421_adc.o(.text.adc_ordinary_part_count_set) for [Anonymous Symbol]
    at32f421_adc.o(.ARM.exidx.text.adc_ordinary_part_mode_enable) refers to at32f421_adc.o(.text.adc_ordinary_part_mode_enable) for [Anonymous Symbol]
    at32f421_adc.o(.ARM.exidx.text.adc_preempt_part_mode_enable) refers to at32f421_adc.o(.text.adc_preempt_part_mode_enable) for [Anonymous Symbol]
    at32f421_adc.o(.ARM.exidx.text.adc_preempt_auto_mode_enable) refers to at32f421_adc.o(.text.adc_preempt_auto_mode_enable) for [Anonymous Symbol]
    at32f421_adc.o(.ARM.exidx.text.adc_tempersensor_vintrv_enable) refers to at32f421_adc.o(.text.adc_tempersensor_vintrv_enable) for [Anonymous Symbol]
    at32f421_adc.o(.ARM.exidx.text.adc_ordinary_software_trigger_enable) refers to at32f421_adc.o(.text.adc_ordinary_software_trigger_enable) for [Anonymous Symbol]
    at32f421_adc.o(.ARM.exidx.text.adc_ordinary_software_trigger_status_get) refers to at32f421_adc.o(.text.adc_ordinary_software_trigger_status_get) for [Anonymous Symbol]
    at32f421_adc.o(.ARM.exidx.text.adc_preempt_software_trigger_enable) refers to at32f421_adc.o(.text.adc_preempt_software_trigger_enable) for [Anonymous Symbol]
    at32f421_adc.o(.ARM.exidx.text.adc_preempt_software_trigger_status_get) refers to at32f421_adc.o(.text.adc_preempt_software_trigger_status_get) for [Anonymous Symbol]
    at32f421_adc.o(.ARM.exidx.text.adc_ordinary_conversion_data_get) refers to at32f421_adc.o(.text.adc_ordinary_conversion_data_get) for [Anonymous Symbol]
    at32f421_adc.o(.ARM.exidx.text.adc_preempt_conversion_data_get) refers to at32f421_adc.o(.text.adc_preempt_conversion_data_get) for [Anonymous Symbol]
    at32f421_adc.o(.ARM.exidx.text.adc_flag_get) refers to at32f421_adc.o(.text.adc_flag_get) for [Anonymous Symbol]
    at32f421_adc.o(.ARM.exidx.text.adc_interrupt_flag_get) refers to at32f421_adc.o(.text.adc_interrupt_flag_get) for [Anonymous Symbol]
    at32f421_adc.o(.ARM.exidx.text.adc_flag_clear) refers to at32f421_adc.o(.text.adc_flag_clear) for [Anonymous Symbol]
    at32f421_dma.o(.ARM.exidx.text.dma_reset) refers to at32f421_dma.o(.text.dma_reset) for [Anonymous Symbol]
    at32f421_dma.o(.ARM.exidx.text.dma_data_number_set) refers to at32f421_dma.o(.text.dma_data_number_set) for [Anonymous Symbol]
    at32f421_dma.o(.ARM.exidx.text.dma_data_number_get) refers to at32f421_dma.o(.text.dma_data_number_get) for [Anonymous Symbol]
    at32f421_dma.o(.ARM.exidx.text.dma_interrupt_enable) refers to at32f421_dma.o(.text.dma_interrupt_enable) for [Anonymous Symbol]
    at32f421_dma.o(.ARM.exidx.text.dma_channel_enable) refers to at32f421_dma.o(.text.dma_channel_enable) for [Anonymous Symbol]
    at32f421_dma.o(.ARM.exidx.text.dma_interrupt_flag_get) refers to at32f421_dma.o(.text.dma_interrupt_flag_get) for [Anonymous Symbol]
    at32f421_dma.o(.ARM.exidx.text.dma_flag_get) refers to at32f421_dma.o(.text.dma_flag_get) for [Anonymous Symbol]
    at32f421_dma.o(.ARM.exidx.text.dma_flag_clear) refers to at32f421_dma.o(.text.dma_flag_clear) for [Anonymous Symbol]
    at32f421_dma.o(.ARM.exidx.text.dma_default_para_init) refers to at32f421_dma.o(.text.dma_default_para_init) for [Anonymous Symbol]
    at32f421_dma.o(.ARM.exidx.text.dma_init) refers to at32f421_dma.o(.text.dma_init) for [Anonymous Symbol]
    at32f421_debug.o(.ARM.exidx.text.debug_device_id_get) refers to at32f421_debug.o(.text.debug_device_id_get) for [Anonymous Symbol]
    at32f421_debug.o(.ARM.exidx.text.debug_periph_mode_set) refers to at32f421_debug.o(.text.debug_periph_mode_set) for [Anonymous Symbol]
    at32f421_flash.o(.ARM.exidx.text.flash_flag_get) refers to at32f421_flash.o(.text.flash_flag_get) for [Anonymous Symbol]
    at32f421_flash.o(.ARM.exidx.text.flash_flag_clear) refers to at32f421_flash.o(.text.flash_flag_clear) for [Anonymous Symbol]
    at32f421_flash.o(.ARM.exidx.text.flash_operation_status_get) refers to at32f421_flash.o(.text.flash_operation_status_get) for [Anonymous Symbol]
    at32f421_flash.o(.ARM.exidx.text.flash_operation_wait_for) refers to at32f421_flash.o(.text.flash_operation_wait_for) for [Anonymous Symbol]
    at32f421_flash.o(.ARM.exidx.text.flash_unlock) refers to at32f421_flash.o(.text.flash_unlock) for [Anonymous Symbol]
    at32f421_flash.o(.ARM.exidx.text.flash_lock) refers to at32f421_flash.o(.text.flash_lock) for [Anonymous Symbol]
    at32f421_flash.o(.ARM.exidx.text.flash_sector_erase) refers to at32f421_flash.o(.text.flash_sector_erase) for [Anonymous Symbol]
    at32f421_flash.o(.ARM.exidx.text.flash_internal_all_erase) refers to at32f421_flash.o(.text.flash_internal_all_erase) for [Anonymous Symbol]
    at32f421_flash.o(.ARM.exidx.text.flash_user_system_data_erase) refers to at32f421_flash.o(.text.flash_user_system_data_erase) for [Anonymous Symbol]
    at32f421_flash.o(.ARM.exidx.text.flash_fap_status_get) refers to at32f421_flash.o(.text.flash_fap_status_get) for [Anonymous Symbol]
    at32f421_flash.o(.ARM.exidx.text.flash_word_program) refers to at32f421_flash.o(.text.flash_word_program) for [Anonymous Symbol]
    at32f421_flash.o(.ARM.exidx.text.flash_halfword_program) refers to at32f421_flash.o(.text.flash_halfword_program) for [Anonymous Symbol]
    at32f421_flash.o(.ARM.exidx.text.flash_byte_program) refers to at32f421_flash.o(.text.flash_byte_program) for [Anonymous Symbol]
    at32f421_flash.o(.ARM.exidx.text.flash_user_system_data_program) refers to at32f421_flash.o(.text.flash_user_system_data_program) for [Anonymous Symbol]
    at32f421_flash.o(.ARM.exidx.text.flash_epp_set) refers to at32f421_flash.o(.text.flash_epp_set) for [Anonymous Symbol]
    at32f421_flash.o(.ARM.exidx.text.flash_epp_status_get) refers to at32f421_flash.o(.text.flash_epp_status_get) for [Anonymous Symbol]
    at32f421_flash.o(.ARM.exidx.text.flash_fap_enable) refers to at32f421_flash.o(.text.flash_fap_enable) for [Anonymous Symbol]
    at32f421_flash.o(.ARM.exidx.text.flash_fap_high_level_enable) refers to at32f421_flash.o(.text.flash_fap_high_level_enable) for [Anonymous Symbol]
    at32f421_flash.o(.ARM.exidx.text.flash_fap_high_level_status_get) refers to at32f421_flash.o(.text.flash_fap_high_level_status_get) for [Anonymous Symbol]
    at32f421_flash.o(.ARM.exidx.text.flash_ssb_set) refers to at32f421_flash.o(.text.flash_ssb_set) for [Anonymous Symbol]
    at32f421_flash.o(.ARM.exidx.text.flash_ssb_status_get) refers to at32f421_flash.o(.text.flash_ssb_status_get) for [Anonymous Symbol]
    at32f421_flash.o(.ARM.exidx.text.flash_interrupt_enable) refers to at32f421_flash.o(.text.flash_interrupt_enable) for [Anonymous Symbol]
    at32f421_flash.o(.ARM.exidx.text.flash_slib_enable) refers to at32f421_flash.o(.text.flash_slib_enable) for [Anonymous Symbol]
    at32f421_flash.o(.ARM.exidx.text.flash_slib_disable) refers to at32f421_flash.o(.text.flash_slib_disable) for [Anonymous Symbol]
    at32f421_flash.o(.ARM.exidx.text.flash_slib_state_get) refers to at32f421_flash.o(.text.flash_slib_state_get) for [Anonymous Symbol]
    at32f421_flash.o(.ARM.exidx.text.flash_slib_start_sector_get) refers to at32f421_flash.o(.text.flash_slib_start_sector_get) for [Anonymous Symbol]
    at32f421_flash.o(.ARM.exidx.text.flash_slib_inststart_sector_get) refers to at32f421_flash.o(.text.flash_slib_inststart_sector_get) for [Anonymous Symbol]
    at32f421_flash.o(.ARM.exidx.text.flash_slib_end_sector_get) refers to at32f421_flash.o(.text.flash_slib_end_sector_get) for [Anonymous Symbol]
    at32f421_flash.o(.ARM.exidx.text.flash_crc_calibrate) refers to at32f421_flash.o(.text.flash_crc_calibrate) for [Anonymous Symbol]
    at32f421_flash.o(.ARM.exidx.text.flash_boot_memory_extension_mode_enable) refers to at32f421_flash.o(.text.flash_boot_memory_extension_mode_enable) for [Anonymous Symbol]
    at32f421_flash.o(.ARM.exidx.text.flash_extension_memory_slib_enable) refers to at32f421_flash.o(.text.flash_extension_memory_slib_enable) for [Anonymous Symbol]
    at32f421_flash.o(.ARM.exidx.text.flash_extension_memory_slib_state_get) refers to at32f421_flash.o(.text.flash_extension_memory_slib_state_get) for [Anonymous Symbol]
    at32f421_flash.o(.ARM.exidx.text.flash_em_slib_inststart_sector_get) refers to at32f421_flash.o(.text.flash_em_slib_inststart_sector_get) for [Anonymous Symbol]
    at32f421_flash.o(.ARM.exidx.text.flash_low_power_mode_enable) refers to at32f421_flash.o(.text.flash_low_power_mode_enable) for [Anonymous Symbol]
    at32f421_misc.o(.text.nvic_system_reset) refers to at32f421_misc.o(.text.__NVIC_SystemReset) for __NVIC_SystemReset
    at32f421_misc.o(.ARM.exidx.text.nvic_system_reset) refers to at32f421_misc.o(.text.nvic_system_reset) for [Anonymous Symbol]
    at32f421_misc.o(.ARM.exidx.text.__NVIC_SystemReset) refers to at32f421_misc.o(.text.__NVIC_SystemReset) for [Anonymous Symbol]
    at32f421_misc.o(.ARM.exidx.text.nvic_irq_enable) refers to at32f421_misc.o(.text.nvic_irq_enable) for [Anonymous Symbol]
    at32f421_misc.o(.ARM.exidx.text.nvic_irq_disable) refers to at32f421_misc.o(.text.nvic_irq_disable) for [Anonymous Symbol]
    at32f421_misc.o(.ARM.exidx.text.nvic_priority_group_config) refers to at32f421_misc.o(.text.nvic_priority_group_config) for [Anonymous Symbol]
    at32f421_misc.o(.ARM.exidx.text.nvic_vector_table_set) refers to at32f421_misc.o(.text.nvic_vector_table_set) for [Anonymous Symbol]
    at32f421_misc.o(.ARM.exidx.text.nvic_lowpower_mode_config) refers to at32f421_misc.o(.text.nvic_lowpower_mode_config) for [Anonymous Symbol]
    at32f421_misc.o(.ARM.exidx.text.systick_clock_source_config) refers to at32f421_misc.o(.text.systick_clock_source_config) for [Anonymous Symbol]
    at32f421_scfg.o(.text.scfg_reset) refers to at32f421_crm.o(.text.crm_periph_reset) for crm_periph_reset
    at32f421_scfg.o(.ARM.exidx.text.scfg_reset) refers to at32f421_scfg.o(.text.scfg_reset) for [Anonymous Symbol]
    at32f421_scfg.o(.ARM.exidx.text.scfg_infrared_config) refers to at32f421_scfg.o(.text.scfg_infrared_config) for [Anonymous Symbol]
    at32f421_scfg.o(.ARM.exidx.text.scfg_mem_map_get) refers to at32f421_scfg.o(.text.scfg_mem_map_get) for [Anonymous Symbol]
    at32f421_scfg.o(.ARM.exidx.text.scfg_pa11pa12_pin_remap) refers to at32f421_scfg.o(.text.scfg_pa11pa12_pin_remap) for [Anonymous Symbol]
    at32f421_scfg.o(.ARM.exidx.text.scfg_adc_dma_channel_remap) refers to at32f421_scfg.o(.text.scfg_adc_dma_channel_remap) for [Anonymous Symbol]
    at32f421_scfg.o(.ARM.exidx.text.scfg_usart1_tx_dma_channel_remap) refers to at32f421_scfg.o(.text.scfg_usart1_tx_dma_channel_remap) for [Anonymous Symbol]
    at32f421_scfg.o(.ARM.exidx.text.scfg_usart1_rx_dma_channel_remap) refers to at32f421_scfg.o(.text.scfg_usart1_rx_dma_channel_remap) for [Anonymous Symbol]
    at32f421_scfg.o(.ARM.exidx.text.scfg_tmr16_dma_channel_remap) refers to at32f421_scfg.o(.text.scfg_tmr16_dma_channel_remap) for [Anonymous Symbol]
    at32f421_scfg.o(.ARM.exidx.text.scfg_tmr17_dma_channel_remap) refers to at32f421_scfg.o(.text.scfg_tmr17_dma_channel_remap) for [Anonymous Symbol]
    at32f421_scfg.o(.ARM.exidx.text.scfg_exint_line_config) refers to at32f421_scfg.o(.text.scfg_exint_line_config) for [Anonymous Symbol]
    system_at32f421.o(.ARM.exidx.text.SystemInit) refers to system_at32f421.o(.text.SystemInit) for [Anonymous Symbol]
    system_at32f421.o(.text.system_core_clock_update) refers to at32f421_crm.o(.text.crm_sysclk_switch_status_get) for crm_sysclk_switch_status_get
    system_at32f421.o(.text.system_core_clock_update) refers to system_at32f421.o(.data.system_core_clock) for system_core_clock
    system_at32f421.o(.ARM.exidx.text.system_core_clock_update) refers to system_at32f421.o(.text.system_core_clock_update) for [Anonymous Symbol]
    startup_at32f421.o(RESET) refers to startup_at32f421.o(STACK) for __initial_sp
    startup_at32f421.o(RESET) refers to startup_at32f421.o(.text) for Reset_Handler
    startup_at32f421.o(RESET) refers to at32f421_int.o(.text.NMI_Handler) for NMI_Handler
    startup_at32f421.o(RESET) refers to at32f421_int.o(.text.HardFault_Handler) for HardFault_Handler
    startup_at32f421.o(RESET) refers to at32f421_int.o(.text.MemManage_Handler) for MemManage_Handler
    startup_at32f421.o(RESET) refers to at32f421_int.o(.text.BusFault_Handler) for BusFault_Handler
    startup_at32f421.o(RESET) refers to at32f421_int.o(.text.UsageFault_Handler) for UsageFault_Handler
    startup_at32f421.o(RESET) refers to at32f421_int.o(.text.SVC_Handler) for SVC_Handler
    startup_at32f421.o(RESET) refers to at32f421_int.o(.text.DebugMon_Handler) for DebugMon_Handler
    startup_at32f421.o(RESET) refers to at32f421_int.o(.text.PendSV_Handler) for PendSV_Handler
    startup_at32f421.o(RESET) refers to at32f421_int.o(.text.SysTick_Handler) for SysTick_Handler
    startup_at32f421.o(RESET) refers to at32f421_int.o(.text.DMA1_Channel1_IRQHandler) for DMA1_Channel1_IRQHandler
    startup_at32f421.o(RESET) refers to at32f421_int.o(.text.TMR1_CH_IRQHandler) for TMR1_CH_IRQHandler
    startup_at32f421.o(RESET) refers to at32f421_int.o(.text.TMR15_GLOBAL_IRQHandler) for TMR15_GLOBAL_IRQHandler
    startup_at32f421.o(.text) refers to system_at32f421.o(.text.SystemInit) for SystemInit
    startup_at32f421.o(.text) refers to entry.o(.ARM.Collect$$$$00000000) for __main
    entry.o(.ARM.Collect$$$$00000000) refers (Special) to entry10a.o(.ARM.Collect$$$$0000000D) for __rt_final_cpp
    entry.o(.ARM.Collect$$$$00000000) refers (Special) to entry11a.o(.ARM.Collect$$$$0000000F) for __rt_final_exit
    entry.o(.ARM.Collect$$$$00000000) refers (Special) to entry7b.o(.ARM.Collect$$$$00000008) for _main_clock
    entry.o(.ARM.Collect$$$$00000000) refers (Special) to entry8b.o(.ARM.Collect$$$$0000000A) for _main_cpp_init
    entry.o(.ARM.Collect$$$$00000000) refers (Special) to entry9a.o(.ARM.Collect$$$$0000000B) for _main_init
    entry.o(.ARM.Collect$$$$00000000) refers (Special) to entry5.o(.ARM.Collect$$$$00000004) for _main_scatterload
    entry.o(.ARM.Collect$$$$00000000) refers (Special) to entry2.o(.ARM.Collect$$$$00000001) for _main_stk
    entry2.o(.ARM.Collect$$$$00000001) refers to entry2.o(.ARM.Collect$$$$00002712) for __lit__00000000
    entry2.o(.ARM.Collect$$$$00002712) refers to startup_at32f421.o(STACK) for __initial_sp
    entry2.o(__vectab_stack_and_reset_area) refers to startup_at32f421.o(STACK) for __initial_sp
    entry2.o(__vectab_stack_and_reset_area) refers to entry.o(.ARM.Collect$$$$00000000) for __main
    entry5.o(.ARM.Collect$$$$00000004) refers to init.o(.text) for __scatterload
    entry9a.o(.ARM.Collect$$$$0000000B) refers to main.o(.text.main) for main
    entry9b.o(.ARM.Collect$$$$0000000C) refers to main.o(.text.main) for main
    init.o(.text) refers to entry5.o(.ARM.Collect$$$$00000004) for __main_after_scatterload


==============================================================================

Removing Unused input sections from the image.

    Removing at32f421_int.o(.text), (0 bytes).
    Removing at32f421_int.o(.ARM.exidx.text.NMI_Handler), (8 bytes).
    Removing at32f421_int.o(.ARM.exidx.text.HardFault_Handler), (8 bytes).
    Removing at32f421_int.o(.ARM.exidx.text.MemManage_Handler), (8 bytes).
    Removing at32f421_int.o(.ARM.exidx.text.BusFault_Handler), (8 bytes).
    Removing at32f421_int.o(.ARM.exidx.text.UsageFault_Handler), (8 bytes).
    Removing at32f421_int.o(.ARM.exidx.text.SVC_Handler), (8 bytes).
    Removing at32f421_int.o(.ARM.exidx.text.DebugMon_Handler), (8 bytes).
    Removing at32f421_int.o(.ARM.exidx.text.PendSV_Handler), (8 bytes).
    Removing at32f421_int.o(.ARM.exidx.text.SysTick_Handler), (8 bytes).
    Removing at32f421_int.o(.ARM.exidx.text.DMA1_Channel1_IRQHandler), (8 bytes).
    Removing at32f421_int.o(.ARM.exidx.text.TMR1_CH_IRQHandler), (8 bytes).
    Removing at32f421_int.o(.ARM.exidx.text.TMR15_GLOBAL_IRQHandler), (8 bytes).
    Removing at32f421_wk_config.o(.text), (0 bytes).
    Removing at32f421_wk_config.o(.ARM.exidx.text.wk_system_clock_config), (8 bytes).
    Removing at32f421_wk_config.o(.ARM.exidx.text.wk_periph_clock_config), (8 bytes).
    Removing at32f421_wk_config.o(.ARM.exidx.text.wk_nvic_config), (8 bytes).
    Removing main.o(.text), (0 bytes).
    Removing main.o(.ARM.exidx.text.main), (8 bytes).
    Removing main.o(.ARM.use_no_argv), (4 bytes).
    Removing wk_system.o(.text), (0 bytes).
    Removing wk_system.o(.text.wk_delay_us), (40 bytes).
    Removing wk_system.o(.ARM.exidx.text.wk_delay_us), (8 bytes).
    Removing wk_system.o(.text.wk_delay_ms), (52 bytes).
    Removing wk_system.o(.ARM.exidx.text.wk_delay_ms), (8 bytes).
    Removing wk_system.o(.ARM.exidx.text.wk_timebase_init), (8 bytes).
    Removing wk_adc.o(.text), (0 bytes).
    Removing wk_adc.o(.ARM.exidx.text.wk_adc1_init), (8 bytes).
    Removing wk_tmr.o(.text), (0 bytes).
    Removing wk_tmr.o(.ARM.exidx.text.wk_tmr1_init), (8 bytes).
    Removing wk_tmr.o(.ARM.exidx.text.wk_tmr15_init), (8 bytes).
    Removing wk_dma.o(.text), (0 bytes).
    Removing wk_dma.o(.ARM.exidx.text.wk_dma1_channel1_init), (8 bytes).
    Removing wk_dma.o(.ARM.exidx.text.wk_dma_channel_config), (8 bytes).
    Removing wk_gpio.o(.text), (0 bytes).
    Removing wk_gpio.o(.ARM.exidx.text.wk_gpio_config), (8 bytes).
    Removing at32f421_crm.o(.text), (0 bytes).
    Removing at32f421_crm.o(.ARM.exidx.text.crm_reset), (8 bytes).
    Removing at32f421_crm.o(.text.crm_lext_bypass), (26 bytes).
    Removing at32f421_crm.o(.ARM.exidx.text.crm_lext_bypass), (8 bytes).
    Removing at32f421_crm.o(.text.crm_hext_bypass), (26 bytes).
    Removing at32f421_crm.o(.ARM.exidx.text.crm_hext_bypass), (8 bytes).
    Removing at32f421_crm.o(.ARM.exidx.text.crm_flag_get), (8 bytes).
    Removing at32f421_crm.o(.text.crm_interrupt_flag_get), (164 bytes).
    Removing at32f421_crm.o(.ARM.exidx.text.crm_interrupt_flag_get), (8 bytes).
    Removing at32f421_crm.o(.text.crm_hext_stable_wait), (36 bytes).
    Removing at32f421_crm.o(.ARM.exidx.text.crm_hext_stable_wait), (8 bytes).
    Removing at32f421_crm.o(.text.crm_hick_clock_trimming_set), (26 bytes).
    Removing at32f421_crm.o(.ARM.exidx.text.crm_hick_clock_trimming_set), (8 bytes).
    Removing at32f421_crm.o(.text.crm_hick_clock_calibration_set), (44 bytes).
    Removing at32f421_crm.o(.ARM.exidx.text.crm_hick_clock_calibration_set), (8 bytes).
    Removing at32f421_crm.o(.ARM.exidx.text.crm_periph_clock_enable), (8 bytes).
    Removing at32f421_crm.o(.text.crm_periph_reset), (40 bytes).
    Removing at32f421_crm.o(.ARM.exidx.text.crm_periph_reset), (8 bytes).
    Removing at32f421_crm.o(.text.crm_periph_sleep_mode_clock_enable), (40 bytes).
    Removing at32f421_crm.o(.ARM.exidx.text.crm_periph_sleep_mode_clock_enable), (8 bytes).
    Removing at32f421_crm.o(.ARM.exidx.text.crm_clock_source_enable), (8 bytes).
    Removing at32f421_crm.o(.text.crm_flag_clear), (124 bytes).
    Removing at32f421_crm.o(.ARM.exidx.text.crm_flag_clear), (8 bytes).
    Removing at32f421_crm.o(.text.crm_ertc_clock_select), (26 bytes).
    Removing at32f421_crm.o(.ARM.exidx.text.crm_ertc_clock_select), (8 bytes).
    Removing at32f421_crm.o(.text.crm_ertc_clock_enable), (26 bytes).
    Removing at32f421_crm.o(.ARM.exidx.text.crm_ertc_clock_enable), (8 bytes).
    Removing at32f421_crm.o(.ARM.exidx.text.crm_ahb_div_set), (8 bytes).
    Removing at32f421_crm.o(.ARM.exidx.text.crm_apb1_div_set), (8 bytes).
    Removing at32f421_crm.o(.ARM.exidx.text.crm_apb2_div_set), (8 bytes).
    Removing at32f421_crm.o(.ARM.exidx.text.crm_adc_clock_div_set), (8 bytes).
    Removing at32f421_crm.o(.text.crm_clock_failure_detection_enable), (26 bytes).
    Removing at32f421_crm.o(.ARM.exidx.text.crm_clock_failure_detection_enable), (8 bytes).
    Removing at32f421_crm.o(.text.crm_battery_powered_domain_reset), (26 bytes).
    Removing at32f421_crm.o(.ARM.exidx.text.crm_battery_powered_domain_reset), (8 bytes).
    Removing at32f421_crm.o(.ARM.exidx.text.crm_pll_config), (8 bytes).
    Removing at32f421_crm.o(.text.crm_pll_config2), (132 bytes).
    Removing at32f421_crm.o(.ARM.exidx.text.crm_pll_config2), (8 bytes).
    Removing at32f421_crm.o(.ARM.exidx.text.crm_sysclk_switch), (8 bytes).
    Removing at32f421_crm.o(.ARM.exidx.text.crm_sysclk_switch_status_get), (8 bytes).
    Removing at32f421_crm.o(.ARM.exidx.text.crm_clocks_freq_get), (8 bytes).
    Removing at32f421_crm.o(.text.crm_clock_out_set), (28 bytes).
    Removing at32f421_crm.o(.ARM.exidx.text.crm_clock_out_set), (8 bytes).
    Removing at32f421_crm.o(.text.crm_interrupt_enable), (24 bytes).
    Removing at32f421_crm.o(.ARM.exidx.text.crm_interrupt_enable), (8 bytes).
    Removing at32f421_crm.o(.ARM.exidx.text.crm_auto_step_mode_enable), (8 bytes).
    Removing at32f421_crm.o(.text.crm_hick_divider_select), (26 bytes).
    Removing at32f421_crm.o(.ARM.exidx.text.crm_hick_divider_select), (8 bytes).
    Removing at32f421_crm.o(.text.crm_hick_sclk_frequency_select), (34 bytes).
    Removing at32f421_crm.o(.ARM.exidx.text.crm_hick_sclk_frequency_select), (8 bytes).
    Removing at32f421_crm.o(.text.crm_clkout_div_set), (22 bytes).
    Removing at32f421_crm.o(.ARM.exidx.text.crm_clkout_div_set), (8 bytes).
    Removing at32f421_tmr.o(.text), (0 bytes).
    Removing at32f421_tmr.o(.text.tmr_reset), (178 bytes).
    Removing at32f421_tmr.o(.ARM.exidx.text.tmr_reset), (8 bytes).
    Removing at32f421_tmr.o(.ARM.exidx.text.tmr_counter_enable), (8 bytes).
    Removing at32f421_tmr.o(.text.tmr_output_default_para_init), (10 bytes).
    Removing at32f421_tmr.o(.ARM.exidx.text.tmr_output_default_para_init), (8 bytes).
    Removing at32f421_tmr.o(.text.tmr_input_default_para_init), (8 bytes).
    Removing at32f421_tmr.o(.ARM.exidx.text.tmr_input_default_para_init), (8 bytes).
    Removing at32f421_tmr.o(.text.tmr_brkdt_default_para_init), (10 bytes).
    Removing at32f421_tmr.o(.ARM.exidx.text.tmr_brkdt_default_para_init), (8 bytes).
    Removing at32f421_tmr.o(.ARM.exidx.text.tmr_base_init), (8 bytes).
    Removing at32f421_tmr.o(.ARM.exidx.text.tmr_clock_source_div_set), (8 bytes).
    Removing at32f421_tmr.o(.ARM.exidx.text.tmr_cnt_dir_set), (8 bytes).
    Removing at32f421_tmr.o(.ARM.exidx.text.tmr_repetition_counter_set), (8 bytes).
    Removing at32f421_tmr.o(.text.tmr_counter_value_set), (4 bytes).
    Removing at32f421_tmr.o(.ARM.exidx.text.tmr_counter_value_set), (8 bytes).
    Removing at32f421_tmr.o(.text.tmr_counter_value_get), (4 bytes).
    Removing at32f421_tmr.o(.ARM.exidx.text.tmr_counter_value_get), (8 bytes).
    Removing at32f421_tmr.o(.text.tmr_div_value_set), (4 bytes).
    Removing at32f421_tmr.o(.ARM.exidx.text.tmr_div_value_set), (8 bytes).
    Removing at32f421_tmr.o(.text.tmr_div_value_get), (4 bytes).
    Removing at32f421_tmr.o(.ARM.exidx.text.tmr_div_value_get), (8 bytes).
    Removing at32f421_tmr.o(.ARM.exidx.text.tmr_output_channel_config), (8 bytes).
    Removing at32f421_tmr.o(.text.tmr_output_channel_mode_select), (88 bytes).
    Removing at32f421_tmr.o(.ARM.exidx.text.tmr_output_channel_mode_select), (8 bytes).
    Removing at32f421_tmr.o(.text.tmr_period_value_set), (4 bytes).
    Removing at32f421_tmr.o(.ARM.exidx.text.tmr_period_value_set), (8 bytes).
    Removing at32f421_tmr.o(.text.tmr_period_value_get), (4 bytes).
    Removing at32f421_tmr.o(.ARM.exidx.text.tmr_period_value_get), (8 bytes).
    Removing at32f421_tmr.o(.ARM.exidx.text.tmr_channel_value_set), (8 bytes).
    Removing at32f421_tmr.o(.text.tmr_channel_value_get), (40 bytes).
    Removing at32f421_tmr.o(.ARM.exidx.text.tmr_channel_value_get), (8 bytes).
    Removing at32f421_tmr.o(.ARM.exidx.text.tmr_period_buffer_enable), (8 bytes).
    Removing at32f421_tmr.o(.ARM.exidx.text.tmr_output_channel_buffer_enable), (8 bytes).
    Removing at32f421_tmr.o(.ARM.exidx.text.tmr_output_channel_immediately_set), (8 bytes).
    Removing at32f421_tmr.o(.text.tmr_output_channel_switch_select), (18 bytes).
    Removing at32f421_tmr.o(.ARM.exidx.text.tmr_output_channel_switch_select), (8 bytes).
    Removing at32f421_tmr.o(.text.tmr_output_channel_switch_set), (88 bytes).
    Removing at32f421_tmr.o(.ARM.exidx.text.tmr_output_channel_switch_set), (8 bytes).
    Removing at32f421_tmr.o(.text.tmr_one_cycle_mode_enable), (18 bytes).
    Removing at32f421_tmr.o(.ARM.exidx.text.tmr_one_cycle_mode_enable), (8 bytes).
    Removing at32f421_tmr.o(.text.tmr_overflow_request_source_set), (18 bytes).
    Removing at32f421_tmr.o(.ARM.exidx.text.tmr_overflow_request_source_set), (8 bytes).
    Removing at32f421_tmr.o(.text.tmr_overflow_event_disable), (18 bytes).
    Removing at32f421_tmr.o(.ARM.exidx.text.tmr_overflow_event_disable), (8 bytes).
    Removing at32f421_tmr.o(.text.tmr_input_channel_init), (460 bytes).
    Removing at32f421_tmr.o(.ARM.exidx.text.tmr_input_channel_init), (8 bytes).
    Removing at32f421_tmr.o(.text.tmr_channel_enable), (136 bytes).
    Removing at32f421_tmr.o(.ARM.exidx.text.tmr_channel_enable), (8 bytes).
    Removing at32f421_tmr.o(.text.tmr_input_channel_filter_set), (88 bytes).
    Removing at32f421_tmr.o(.ARM.exidx.text.tmr_input_channel_filter_set), (8 bytes).
    Removing at32f421_tmr.o(.text.tmr_pwm_input_config), (276 bytes).
    Removing at32f421_tmr.o(.ARM.exidx.text.tmr_pwm_input_config), (8 bytes).
    Removing at32f421_tmr.o(.text.tmr_channel1_input_select), (18 bytes).
    Removing at32f421_tmr.o(.ARM.exidx.text.tmr_channel1_input_select), (8 bytes).
    Removing at32f421_tmr.o(.text.tmr_input_channel_divider_set), (88 bytes).
    Removing at32f421_tmr.o(.ARM.exidx.text.tmr_input_channel_divider_set), (8 bytes).
    Removing at32f421_tmr.o(.ARM.exidx.text.tmr_primary_mode_select), (8 bytes).
    Removing at32f421_tmr.o(.text.tmr_sub_mode_select), (10 bytes).
    Removing at32f421_tmr.o(.ARM.exidx.text.tmr_sub_mode_select), (8 bytes).
    Removing at32f421_tmr.o(.text.tmr_channel_dma_select), (18 bytes).
    Removing at32f421_tmr.o(.ARM.exidx.text.tmr_channel_dma_select), (8 bytes).
    Removing at32f421_tmr.o(.text.tmr_hall_select), (18 bytes).
    Removing at32f421_tmr.o(.ARM.exidx.text.tmr_hall_select), (8 bytes).
    Removing at32f421_tmr.o(.text.tmr_channel_buffer_enable), (10 bytes).
    Removing at32f421_tmr.o(.ARM.exidx.text.tmr_channel_buffer_enable), (8 bytes).
    Removing at32f421_tmr.o(.text.tmr_trigger_input_select), (18 bytes).
    Removing at32f421_tmr.o(.ARM.exidx.text.tmr_trigger_input_select), (8 bytes).
    Removing at32f421_tmr.o(.ARM.exidx.text.tmr_sub_sync_mode_set), (8 bytes).
    Removing at32f421_tmr.o(.text.tmr_dma_request_enable), (26 bytes).
    Removing at32f421_tmr.o(.ARM.exidx.text.tmr_dma_request_enable), (8 bytes).
    Removing at32f421_tmr.o(.text.tmr_interrupt_enable), (26 bytes).
    Removing at32f421_tmr.o(.ARM.exidx.text.tmr_interrupt_enable), (8 bytes).
    Removing at32f421_tmr.o(.text.tmr_interrupt_flag_get), (20 bytes).
    Removing at32f421_tmr.o(.ARM.exidx.text.tmr_interrupt_flag_get), (8 bytes).
    Removing at32f421_tmr.o(.text.tmr_flag_get), (10 bytes).
    Removing at32f421_tmr.o(.ARM.exidx.text.tmr_flag_get), (8 bytes).
    Removing at32f421_tmr.o(.text.tmr_flag_clear), (6 bytes).
    Removing at32f421_tmr.o(.ARM.exidx.text.tmr_flag_clear), (8 bytes).
    Removing at32f421_tmr.o(.text.tmr_event_sw_trigger), (8 bytes).
    Removing at32f421_tmr.o(.ARM.exidx.text.tmr_event_sw_trigger), (8 bytes).
    Removing at32f421_tmr.o(.ARM.exidx.text.tmr_output_enable), (8 bytes).
    Removing at32f421_tmr.o(.text.tmr_internal_clock_set), (10 bytes).
    Removing at32f421_tmr.o(.ARM.exidx.text.tmr_internal_clock_set), (8 bytes).
    Removing at32f421_tmr.o(.text.tmr_output_channel_polarity_set), (144 bytes).
    Removing at32f421_tmr.o(.ARM.exidx.text.tmr_output_channel_polarity_set), (8 bytes).
    Removing at32f421_tmr.o(.text.tmr_external_clock_config), (54 bytes).
    Removing at32f421_tmr.o(.ARM.exidx.text.tmr_external_clock_config), (8 bytes).
    Removing at32f421_tmr.o(.text.tmr_external_clock_mode1_config), (70 bytes).
    Removing at32f421_tmr.o(.ARM.exidx.text.tmr_external_clock_mode1_config), (8 bytes).
    Removing at32f421_tmr.o(.text.tmr_external_clock_mode2_config), (62 bytes).
    Removing at32f421_tmr.o(.ARM.exidx.text.tmr_external_clock_mode2_config), (8 bytes).
    Removing at32f421_tmr.o(.text.tmr_encoder_mode_config), (68 bytes).
    Removing at32f421_tmr.o(.ARM.exidx.text.tmr_encoder_mode_config), (8 bytes).
    Removing at32f421_tmr.o(.text.tmr_force_output_set), (88 bytes).
    Removing at32f421_tmr.o(.ARM.exidx.text.tmr_force_output_set), (8 bytes).
    Removing at32f421_tmr.o(.text.tmr_dma_control_config), (26 bytes).
    Removing at32f421_tmr.o(.ARM.exidx.text.tmr_dma_control_config), (8 bytes).
    Removing at32f421_tmr.o(.ARM.exidx.text.tmr_brkdt_config), (8 bytes).
    Removing at32f421_tmr.o(.text.tmr_iremap_config), (10 bytes).
    Removing at32f421_tmr.o(.ARM.exidx.text.tmr_iremap_config), (8 bytes).
    Removing at32f421_gpio.o(.text), (0 bytes).
    Removing at32f421_gpio.o(.text.gpio_reset), (64 bytes).
    Removing at32f421_gpio.o(.ARM.exidx.text.gpio_reset), (8 bytes).
    Removing at32f421_gpio.o(.ARM.exidx.text.gpio_init), (8 bytes).
    Removing at32f421_gpio.o(.ARM.exidx.text.gpio_default_para_init), (8 bytes).
    Removing at32f421_gpio.o(.text.gpio_input_data_bit_read), (14 bytes).
    Removing at32f421_gpio.o(.ARM.exidx.text.gpio_input_data_bit_read), (8 bytes).
    Removing at32f421_gpio.o(.text.gpio_input_data_read), (6 bytes).
    Removing at32f421_gpio.o(.ARM.exidx.text.gpio_input_data_read), (8 bytes).
    Removing at32f421_gpio.o(.text.gpio_output_data_bit_read), (10 bytes).
    Removing at32f421_gpio.o(.ARM.exidx.text.gpio_output_data_bit_read), (8 bytes).
    Removing at32f421_gpio.o(.text.gpio_output_data_read), (6 bytes).
    Removing at32f421_gpio.o(.ARM.exidx.text.gpio_output_data_read), (8 bytes).
    Removing at32f421_gpio.o(.text.gpio_bits_set), (4 bytes).
    Removing at32f421_gpio.o(.ARM.exidx.text.gpio_bits_set), (8 bytes).
    Removing at32f421_gpio.o(.ARM.exidx.text.gpio_bits_reset), (8 bytes).
    Removing at32f421_gpio.o(.text.gpio_bits_write), (12 bytes).
    Removing at32f421_gpio.o(.ARM.exidx.text.gpio_bits_write), (8 bytes).
    Removing at32f421_gpio.o(.text.gpio_port_write), (4 bytes).
    Removing at32f421_gpio.o(.ARM.exidx.text.gpio_port_write), (8 bytes).
    Removing at32f421_gpio.o(.text.gpio_pin_wp_config), (16 bytes).
    Removing at32f421_gpio.o(.ARM.exidx.text.gpio_pin_wp_config), (8 bytes).
    Removing at32f421_gpio.o(.text.gpio_pins_huge_driven_config), (16 bytes).
    Removing at32f421_gpio.o(.ARM.exidx.text.gpio_pins_huge_driven_config), (8 bytes).
    Removing at32f421_gpio.o(.ARM.exidx.text.gpio_pin_mux_config), (8 bytes).
    Removing at32f421_gpio.o(.rodata..Lswitch.table.gpio_reset.1), (24 bytes).
    Removing at32f421_pwc.o(.text), (0 bytes).
    Removing at32f421_pwc.o(.text.pwc_reset), (28 bytes).
    Removing at32f421_pwc.o(.ARM.exidx.text.pwc_reset), (8 bytes).
    Removing at32f421_pwc.o(.text.pwc_battery_powered_domain_access), (26 bytes).
    Removing at32f421_pwc.o(.ARM.exidx.text.pwc_battery_powered_domain_access), (8 bytes).
    Removing at32f421_pwc.o(.text.pwc_pvm_level_select), (26 bytes).
    Removing at32f421_pwc.o(.ARM.exidx.text.pwc_pvm_level_select), (8 bytes).
    Removing at32f421_pwc.o(.text.pwc_power_voltage_monitor_enable), (26 bytes).
    Removing at32f421_pwc.o(.ARM.exidx.text.pwc_power_voltage_monitor_enable), (8 bytes).
    Removing at32f421_pwc.o(.text.pwc_wakeup_pin_enable), (24 bytes).
    Removing at32f421_pwc.o(.ARM.exidx.text.pwc_wakeup_pin_enable), (8 bytes).
    Removing at32f421_pwc.o(.text.pwc_flag_clear), (36 bytes).
    Removing at32f421_pwc.o(.ARM.exidx.text.pwc_flag_clear), (8 bytes).
    Removing at32f421_pwc.o(.text.pwc_flag_get), (18 bytes).
    Removing at32f421_pwc.o(.ARM.exidx.text.pwc_flag_get), (8 bytes).
    Removing at32f421_pwc.o(.text.pwc_sleep_mode_enter), (36 bytes).
    Removing at32f421_pwc.o(.ARM.exidx.text.pwc_sleep_mode_enter), (8 bytes).
    Removing at32f421_pwc.o(.text.pwc_deep_sleep_mode_enter), (42 bytes).
    Removing at32f421_pwc.o(.ARM.exidx.text.pwc_deep_sleep_mode_enter), (8 bytes).
    Removing at32f421_pwc.o(.text.pwc_voltage_regulate_set), (38 bytes).
    Removing at32f421_pwc.o(.ARM.exidx.text.pwc_voltage_regulate_set), (8 bytes).
    Removing at32f421_pwc.o(.text.pwc_standby_mode_enter), (44 bytes).
    Removing at32f421_pwc.o(.ARM.exidx.text.pwc_standby_mode_enter), (8 bytes).
    Removing at32f421_adc.o(.text), (0 bytes).
    Removing at32f421_adc.o(.text.adc_reset), (42 bytes).
    Removing at32f421_adc.o(.ARM.exidx.text.adc_reset), (8 bytes).
    Removing at32f421_adc.o(.ARM.exidx.text.adc_enable), (8 bytes).
    Removing at32f421_adc.o(.ARM.exidx.text.adc_base_default_para_init), (8 bytes).
    Removing at32f421_adc.o(.ARM.exidx.text.adc_base_config), (8 bytes).
    Removing at32f421_adc.o(.ARM.exidx.text.adc_dma_mode_enable), (8 bytes).
    Removing at32f421_adc.o(.text.adc_interrupt_enable), (26 bytes).
    Removing at32f421_adc.o(.ARM.exidx.text.adc_interrupt_enable), (8 bytes).
    Removing at32f421_adc.o(.ARM.exidx.text.adc_calibration_init), (8 bytes).
    Removing at32f421_adc.o(.ARM.exidx.text.adc_calibration_init_status_get), (8 bytes).
    Removing at32f421_adc.o(.ARM.exidx.text.adc_calibration_start), (8 bytes).
    Removing at32f421_adc.o(.ARM.exidx.text.adc_calibration_status_get), (8 bytes).
    Removing at32f421_adc.o(.text.adc_voltage_monitor_enable), (32 bytes).
    Removing at32f421_adc.o(.ARM.exidx.text.adc_voltage_monitor_enable), (8 bytes).
    Removing at32f421_adc.o(.text.adc_voltage_monitor_threshold_value_set), (18 bytes).
    Removing at32f421_adc.o(.ARM.exidx.text.adc_voltage_monitor_threshold_value_set), (8 bytes).
    Removing at32f421_adc.o(.text.adc_voltage_monitor_single_channel_select), (10 bytes).
    Removing at32f421_adc.o(.ARM.exidx.text.adc_voltage_monitor_single_channel_select), (8 bytes).
    Removing at32f421_adc.o(.ARM.exidx.text.adc_ordinary_channel_set), (8 bytes).
    Removing at32f421_adc.o(.text.adc_preempt_channel_length_set), (20 bytes).
    Removing at32f421_adc.o(.ARM.exidx.text.adc_preempt_channel_length_set), (8 bytes).
    Removing at32f421_adc.o(.text.adc_preempt_channel_set), (118 bytes).
    Removing at32f421_adc.o(.ARM.exidx.text.adc_preempt_channel_set), (8 bytes).
    Removing at32f421_adc.o(.ARM.exidx.text.adc_ordinary_conversion_trigger_set), (8 bytes).
    Removing at32f421_adc.o(.text.adc_preempt_conversion_trigger_set), (26 bytes).
    Removing at32f421_adc.o(.ARM.exidx.text.adc_preempt_conversion_trigger_set), (8 bytes).
    Removing at32f421_adc.o(.text.adc_preempt_offset_value_set), (38 bytes).
    Removing at32f421_adc.o(.ARM.exidx.text.adc_preempt_offset_value_set), (8 bytes).
    Removing at32f421_adc.o(.text.adc_ordinary_part_count_set), (20 bytes).
    Removing at32f421_adc.o(.ARM.exidx.text.adc_ordinary_part_count_set), (8 bytes).
    Removing at32f421_adc.o(.ARM.exidx.text.adc_ordinary_part_mode_enable), (8 bytes).
    Removing at32f421_adc.o(.text.adc_preempt_part_mode_enable), (18 bytes).
    Removing at32f421_adc.o(.ARM.exidx.text.adc_preempt_part_mode_enable), (8 bytes).
    Removing at32f421_adc.o(.text.adc_preempt_auto_mode_enable), (18 bytes).
    Removing at32f421_adc.o(.ARM.exidx.text.adc_preempt_auto_mode_enable), (8 bytes).
    Removing at32f421_adc.o(.text.adc_tempersensor_vintrv_enable), (26 bytes).
    Removing at32f421_adc.o(.ARM.exidx.text.adc_tempersensor_vintrv_enable), (8 bytes).
    Removing at32f421_adc.o(.text.adc_ordinary_software_trigger_enable), (18 bytes).
    Removing at32f421_adc.o(.ARM.exidx.text.adc_ordinary_software_trigger_enable), (8 bytes).
    Removing at32f421_adc.o(.text.adc_ordinary_software_trigger_status_get), (8 bytes).
    Removing at32f421_adc.o(.ARM.exidx.text.adc_ordinary_software_trigger_status_get), (8 bytes).
    Removing at32f421_adc.o(.text.adc_preempt_software_trigger_enable), (18 bytes).
    Removing at32f421_adc.o(.ARM.exidx.text.adc_preempt_software_trigger_enable), (8 bytes).
    Removing at32f421_adc.o(.text.adc_preempt_software_trigger_status_get), (8 bytes).
    Removing at32f421_adc.o(.ARM.exidx.text.adc_preempt_software_trigger_status_get), (8 bytes).
    Removing at32f421_adc.o(.text.adc_ordinary_conversion_data_get), (6 bytes).
    Removing at32f421_adc.o(.ARM.exidx.text.adc_ordinary_conversion_data_get), (8 bytes).
    Removing at32f421_adc.o(.text.adc_preempt_conversion_data_get), (38 bytes).
    Removing at32f421_adc.o(.ARM.exidx.text.adc_preempt_conversion_data_get), (8 bytes).
    Removing at32f421_adc.o(.text.adc_flag_get), (10 bytes).
    Removing at32f421_adc.o(.ARM.exidx.text.adc_flag_get), (8 bytes).
    Removing at32f421_adc.o(.text.adc_interrupt_flag_get), (58 bytes).
    Removing at32f421_adc.o(.ARM.exidx.text.adc_interrupt_flag_get), (8 bytes).
    Removing at32f421_adc.o(.text.adc_flag_clear), (6 bytes).
    Removing at32f421_adc.o(.ARM.exidx.text.adc_flag_clear), (8 bytes).
    Removing at32f421_dma.o(.text), (0 bytes).
    Removing at32f421_dma.o(.ARM.exidx.text.dma_reset), (8 bytes).
    Removing at32f421_dma.o(.text.dma_data_number_set), (4 bytes).
    Removing at32f421_dma.o(.ARM.exidx.text.dma_data_number_set), (8 bytes).
    Removing at32f421_dma.o(.text.dma_data_number_get), (6 bytes).
    Removing at32f421_dma.o(.ARM.exidx.text.dma_data_number_get), (8 bytes).
    Removing at32f421_dma.o(.text.dma_interrupt_enable), (16 bytes).
    Removing at32f421_dma.o(.ARM.exidx.text.dma_interrupt_enable), (8 bytes).
    Removing at32f421_dma.o(.ARM.exidx.text.dma_channel_enable), (8 bytes).
    Removing at32f421_dma.o(.text.dma_interrupt_flag_get), (16 bytes).
    Removing at32f421_dma.o(.ARM.exidx.text.dma_interrupt_flag_get), (8 bytes).
    Removing at32f421_dma.o(.text.dma_flag_get), (16 bytes).
    Removing at32f421_dma.o(.ARM.exidx.text.dma_flag_get), (8 bytes).
    Removing at32f421_dma.o(.text.dma_flag_clear), (10 bytes).
    Removing at32f421_dma.o(.ARM.exidx.text.dma_flag_clear), (8 bytes).
    Removing at32f421_dma.o(.ARM.exidx.text.dma_default_para_init), (8 bytes).
    Removing at32f421_dma.o(.ARM.exidx.text.dma_init), (8 bytes).
    Removing at32f421_debug.o(.text), (0 bytes).
    Removing at32f421_debug.o(.text.debug_device_id_get), (14 bytes).
    Removing at32f421_debug.o(.ARM.exidx.text.debug_device_id_get), (8 bytes).
    Removing at32f421_debug.o(.text.debug_periph_mode_set), (24 bytes).
    Removing at32f421_debug.o(.ARM.exidx.text.debug_periph_mode_set), (8 bytes).
    Removing at32f421_flash.o(.text), (0 bytes).
    Removing at32f421_flash.o(.text.flash_flag_get), (40 bytes).
    Removing at32f421_flash.o(.ARM.exidx.text.flash_flag_get), (8 bytes).
    Removing at32f421_flash.o(.text.flash_flag_clear), (12 bytes).
    Removing at32f421_flash.o(.ARM.exidx.text.flash_flag_clear), (8 bytes).
    Removing at32f421_flash.o(.text.flash_operation_status_get), (42 bytes).
    Removing at32f421_flash.o(.ARM.exidx.text.flash_operation_status_get), (8 bytes).
    Removing at32f421_flash.o(.text.flash_operation_wait_for), (108 bytes).
    Removing at32f421_flash.o(.ARM.exidx.text.flash_operation_wait_for), (8 bytes).
    Removing at32f421_flash.o(.text.flash_unlock), (30 bytes).
    Removing at32f421_flash.o(.ARM.exidx.text.flash_unlock), (8 bytes).
    Removing at32f421_flash.o(.text.flash_lock), (18 bytes).
    Removing at32f421_flash.o(.ARM.exidx.text.flash_lock), (8 bytes).
    Removing at32f421_flash.o(.text.flash_sector_erase), (130 bytes).
    Removing at32f421_flash.o(.ARM.exidx.text.flash_sector_erase), (8 bytes).
    Removing at32f421_flash.o(.text.flash_internal_all_erase), (130 bytes).
    Removing at32f421_flash.o(.ARM.exidx.text.flash_internal_all_erase), (8 bytes).
    Removing at32f421_flash.o(.text.flash_user_system_data_erase), (314 bytes).
    Removing at32f421_flash.o(.ARM.exidx.text.flash_user_system_data_erase), (8 bytes).
    Removing at32f421_flash.o(.text.flash_fap_status_get), (16 bytes).
    Removing at32f421_flash.o(.ARM.exidx.text.flash_fap_status_get), (8 bytes).
    Removing at32f421_flash.o(.text.flash_word_program), (122 bytes).
    Removing at32f421_flash.o(.ARM.exidx.text.flash_word_program), (8 bytes).
    Removing at32f421_flash.o(.text.flash_halfword_program), (122 bytes).
    Removing at32f421_flash.o(.ARM.exidx.text.flash_halfword_program), (8 bytes).
    Removing at32f421_flash.o(.text.flash_byte_program), (122 bytes).
    Removing at32f421_flash.o(.ARM.exidx.text.flash_byte_program), (8 bytes).
    Removing at32f421_flash.o(.text.flash_user_system_data_program), (154 bytes).
    Removing at32f421_flash.o(.ARM.exidx.text.flash_user_system_data_program), (8 bytes).
    Removing at32f421_flash.o(.text.flash_epp_set), (514 bytes).
    Removing at32f421_flash.o(.ARM.exidx.text.flash_epp_set), (8 bytes).
    Removing at32f421_flash.o(.text.flash_epp_status_get), (14 bytes).
    Removing at32f421_flash.o(.ARM.exidx.text.flash_epp_status_get), (8 bytes).
    Removing at32f421_flash.o(.text.flash_fap_enable), (298 bytes).
    Removing at32f421_flash.o(.ARM.exidx.text.flash_fap_enable), (8 bytes).
    Removing at32f421_flash.o(.text.flash_fap_high_level_enable), (602 bytes).
    Removing at32f421_flash.o(.ARM.exidx.text.flash_fap_high_level_enable), (8 bytes).
    Removing at32f421_flash.o(.text.flash_fap_high_level_status_get), (16 bytes).
    Removing at32f421_flash.o(.ARM.exidx.text.flash_fap_high_level_status_get), (8 bytes).
    Removing at32f421_flash.o(.text.flash_ssb_set), (162 bytes).
    Removing at32f421_flash.o(.ARM.exidx.text.flash_ssb_set), (8 bytes).
    Removing at32f421_flash.o(.text.flash_ssb_status_get), (16 bytes).
    Removing at32f421_flash.o(.ARM.exidx.text.flash_ssb_status_get), (8 bytes).
    Removing at32f421_flash.o(.text.flash_interrupt_enable), (60 bytes).
    Removing at32f421_flash.o(.ARM.exidx.text.flash_interrupt_enable), (8 bytes).
    Removing at32f421_flash.o(.text.flash_slib_enable), (322 bytes).
    Removing at32f421_flash.o(.ARM.exidx.text.flash_slib_enable), (8 bytes).
    Removing at32f421_flash.o(.text.flash_slib_disable), (130 bytes).
    Removing at32f421_flash.o(.ARM.exidx.text.flash_slib_disable), (8 bytes).
    Removing at32f421_flash.o(.text.flash_slib_state_get), (16 bytes).
    Removing at32f421_flash.o(.ARM.exidx.text.flash_slib_state_get), (8 bytes).
    Removing at32f421_flash.o(.text.flash_slib_start_sector_get), (16 bytes).
    Removing at32f421_flash.o(.ARM.exidx.text.flash_slib_start_sector_get), (8 bytes).
    Removing at32f421_flash.o(.text.flash_slib_inststart_sector_get), (16 bytes).
    Removing at32f421_flash.o(.ARM.exidx.text.flash_slib_inststart_sector_get), (8 bytes).
    Removing at32f421_flash.o(.text.flash_slib_end_sector_get), (14 bytes).
    Removing at32f421_flash.o(.ARM.exidx.text.flash_slib_end_sector_get), (8 bytes).
    Removing at32f421_flash.o(.text.flash_crc_calibrate), (70 bytes).
    Removing at32f421_flash.o(.ARM.exidx.text.flash_crc_calibrate), (8 bytes).
    Removing at32f421_flash.o(.text.flash_boot_memory_extension_mode_enable), (98 bytes).
    Removing at32f421_flash.o(.ARM.exidx.text.flash_boot_memory_extension_mode_enable), (8 bytes).
    Removing at32f421_flash.o(.text.flash_extension_memory_slib_enable), (266 bytes).
    Removing at32f421_flash.o(.ARM.exidx.text.flash_extension_memory_slib_enable), (8 bytes).
    Removing at32f421_flash.o(.text.flash_extension_memory_slib_state_get), (16 bytes).
    Removing at32f421_flash.o(.ARM.exidx.text.flash_extension_memory_slib_state_get), (8 bytes).
    Removing at32f421_flash.o(.text.flash_em_slib_inststart_sector_get), (16 bytes).
    Removing at32f421_flash.o(.ARM.exidx.text.flash_em_slib_inststart_sector_get), (8 bytes).
    Removing at32f421_flash.o(.text.flash_low_power_mode_enable), (26 bytes).
    Removing at32f421_flash.o(.ARM.exidx.text.flash_low_power_mode_enable), (8 bytes).
    Removing at32f421_misc.o(.text), (0 bytes).
    Removing at32f421_misc.o(.text.nvic_system_reset), (4 bytes).
    Removing at32f421_misc.o(.ARM.exidx.text.nvic_system_reset), (8 bytes).
    Removing at32f421_misc.o(.text.__NVIC_SystemReset), (36 bytes).
    Removing at32f421_misc.o(.ARM.exidx.text.__NVIC_SystemReset), (8 bytes).
    Removing at32f421_misc.o(.ARM.exidx.text.nvic_irq_enable), (8 bytes).
    Removing at32f421_misc.o(.text.nvic_irq_disable), (40 bytes).
    Removing at32f421_misc.o(.ARM.exidx.text.nvic_irq_disable), (8 bytes).
    Removing at32f421_misc.o(.ARM.exidx.text.nvic_priority_group_config), (8 bytes).
    Removing at32f421_misc.o(.text.nvic_vector_table_set), (24 bytes).
    Removing at32f421_misc.o(.ARM.exidx.text.nvic_vector_table_set), (8 bytes).
    Removing at32f421_misc.o(.text.nvic_lowpower_mode_config), (24 bytes).
    Removing at32f421_misc.o(.ARM.exidx.text.nvic_lowpower_mode_config), (8 bytes).
    Removing at32f421_misc.o(.ARM.exidx.text.systick_clock_source_config), (8 bytes).
    Removing at32f421_scfg.o(.text), (0 bytes).
    Removing at32f421_scfg.o(.text.scfg_reset), (26 bytes).
    Removing at32f421_scfg.o(.ARM.exidx.text.scfg_reset), (8 bytes).
    Removing at32f421_scfg.o(.text.scfg_infrared_config), (40 bytes).
    Removing at32f421_scfg.o(.ARM.exidx.text.scfg_infrared_config), (8 bytes).
    Removing at32f421_scfg.o(.text.scfg_mem_map_get), (14 bytes).
    Removing at32f421_scfg.o(.ARM.exidx.text.scfg_mem_map_get), (8 bytes).
    Removing at32f421_scfg.o(.text.scfg_pa11pa12_pin_remap), (24 bytes).
    Removing at32f421_scfg.o(.ARM.exidx.text.scfg_pa11pa12_pin_remap), (8 bytes).
    Removing at32f421_scfg.o(.text.scfg_adc_dma_channel_remap), (24 bytes).
    Removing at32f421_scfg.o(.ARM.exidx.text.scfg_adc_dma_channel_remap), (8 bytes).
    Removing at32f421_scfg.o(.text.scfg_usart1_tx_dma_channel_remap), (24 bytes).
    Removing at32f421_scfg.o(.ARM.exidx.text.scfg_usart1_tx_dma_channel_remap), (8 bytes).
    Removing at32f421_scfg.o(.text.scfg_usart1_rx_dma_channel_remap), (24 bytes).
    Removing at32f421_scfg.o(.ARM.exidx.text.scfg_usart1_rx_dma_channel_remap), (8 bytes).
    Removing at32f421_scfg.o(.text.scfg_tmr16_dma_channel_remap), (24 bytes).
    Removing at32f421_scfg.o(.ARM.exidx.text.scfg_tmr16_dma_channel_remap), (8 bytes).
    Removing at32f421_scfg.o(.text.scfg_tmr17_dma_channel_remap), (24 bytes).
    Removing at32f421_scfg.o(.ARM.exidx.text.scfg_tmr17_dma_channel_remap), (8 bytes).
    Removing at32f421_scfg.o(.text.scfg_exint_line_config), (156 bytes).
    Removing at32f421_scfg.o(.ARM.exidx.text.scfg_exint_line_config), (8 bytes).
    Removing system_at32f421.o(.text), (0 bytes).
    Removing system_at32f421.o(.ARM.exidx.text.SystemInit), (8 bytes).
    Removing system_at32f421.o(.ARM.exidx.text.system_core_clock_update), (8 bytes).
    Removing startup_at32f421.o(HEAP), (512 bytes).

424 unused section(s) (total 11458 bytes) removed from the image.

==============================================================================

Image Symbol Table

    Local Symbols

    Symbol Name                              Value     Ov Type        Size  Object(Section)

    ../clib/microlib/init/entry.s            0x00000000   Number         0  entry.o ABSOLUTE
    ../clib/microlib/init/entry.s            0x00000000   Number         0  entry2.o ABSOLUTE
    ../clib/microlib/init/entry.s            0x00000000   Number         0  entry5.o ABSOLUTE
    ../clib/microlib/init/entry.s            0x00000000   Number         0  entry7a.o ABSOLUTE
    ../clib/microlib/init/entry.s            0x00000000   Number         0  entry7b.o ABSOLUTE
    ../clib/microlib/init/entry.s            0x00000000   Number         0  entry8a.o ABSOLUTE
    ../clib/microlib/init/entry.s            0x00000000   Number         0  entry8b.o ABSOLUTE
    ../clib/microlib/init/entry.s            0x00000000   Number         0  entry9a.o ABSOLUTE
    ../clib/microlib/init/entry.s            0x00000000   Number         0  entry9b.o ABSOLUTE
    ../clib/microlib/init/entry.s            0x00000000   Number         0  entry10a.o ABSOLUTE
    ../clib/microlib/init/entry.s            0x00000000   Number         0  entry10b.o ABSOLUTE
    ../clib/microlib/init/entry.s            0x00000000   Number         0  entry11a.o ABSOLUTE
    ../clib/microlib/init/entry.s            0x00000000   Number         0  entry11b.o ABSOLUTE
    at32f421_adc.c                           0x00000000   Number         0  at32f421_adc.o ABSOLUTE
    at32f421_crm.c                           0x00000000   Number         0  at32f421_crm.o ABSOLUTE
    at32f421_debug.c                         0x00000000   Number         0  at32f421_debug.o ABSOLUTE
    at32f421_dma.c                           0x00000000   Number         0  at32f421_dma.o ABSOLUTE
    at32f421_flash.c                         0x00000000   Number         0  at32f421_flash.o ABSOLUTE
    at32f421_gpio.c                          0x00000000   Number         0  at32f421_gpio.o ABSOLUTE
    at32f421_int.c                           0x00000000   Number         0  at32f421_int.o ABSOLUTE
    at32f421_misc.c                          0x00000000   Number         0  at32f421_misc.o ABSOLUTE
    at32f421_pwc.c                           0x00000000   Number         0  at32f421_pwc.o ABSOLUTE
    at32f421_scfg.c                          0x00000000   Number         0  at32f421_scfg.o ABSOLUTE
    at32f421_tmr.c                           0x00000000   Number         0  at32f421_tmr.o ABSOLUTE
    at32f421_wk_config.c                     0x00000000   Number         0  at32f421_wk_config.o ABSOLUTE
    dc.s                                     0x00000000   Number         0  dc.o ABSOLUTE
    handlers.s                               0x00000000   Number         0  handlers.o ABSOLUTE
    init.s                                   0x00000000   Number         0  init.o ABSOLUTE
    main.c                                   0x00000000   Number         0  main.o ABSOLUTE
    startup_at32f421.s                       0x00000000   Number         0  startup_at32f421.o ABSOLUTE
    system_at32f421.c                        0x00000000   Number         0  system_at32f421.o ABSOLUTE
    wk_adc.c                                 0x00000000   Number         0  wk_adc.o ABSOLUTE
    wk_dma.c                                 0x00000000   Number         0  wk_dma.o ABSOLUTE
    wk_gpio.c                                0x00000000   Number         0  wk_gpio.o ABSOLUTE
    wk_system.c                              0x00000000   Number         0  wk_system.o ABSOLUTE
    wk_tmr.c                                 0x00000000   Number         0  wk_tmr.o ABSOLUTE
    RESET                                    0x08000000   Section      204  startup_at32f421.o(RESET)
    .ARM.Collect$$$$00000000                 0x080000cc   Section        0  entry.o(.ARM.Collect$$$$00000000)
    .ARM.Collect$$$$00000001                 0x080000cc   Section        4  entry2.o(.ARM.Collect$$$$00000001)
    .ARM.Collect$$$$00000004                 0x080000d0   Section        4  entry5.o(.ARM.Collect$$$$00000004)
    .ARM.Collect$$$$00000008                 0x080000d4   Section        0  entry7b.o(.ARM.Collect$$$$00000008)
    .ARM.Collect$$$$0000000A                 0x080000d4   Section        0  entry8b.o(.ARM.Collect$$$$0000000A)
    .ARM.Collect$$$$0000000B                 0x080000d4   Section        8  entry9a.o(.ARM.Collect$$$$0000000B)
    __lit__00000000                          0x080000dc   Data           4  entry2.o(.ARM.Collect$$$$00002712)
    .ARM.Collect$$$$0000000D                 0x080000dc   Section        0  entry10a.o(.ARM.Collect$$$$0000000D)
    .ARM.Collect$$$$0000000F                 0x080000dc   Section        0  entry11a.o(.ARM.Collect$$$$0000000F)
    .ARM.Collect$$$$00002712                 0x080000dc   Section        4  entry2.o(.ARM.Collect$$$$00002712)
    .text                                    0x080000e0   Section       36  startup_at32f421.o(.text)
    .text                                    0x08000104   Section       48  init.o(.text)
    [Anonymous Symbol]                       0x08000134   Section        0  at32f421_int.o(.text.BusFault_Handler)
    [Anonymous Symbol]                       0x08000138   Section        0  at32f421_int.o(.text.DMA1_Channel1_IRQHandler)
    [Anonymous Symbol]                       0x0800013c   Section        0  at32f421_int.o(.text.DebugMon_Handler)
    [Anonymous Symbol]                       0x08000140   Section        0  at32f421_int.o(.text.HardFault_Handler)
    [Anonymous Symbol]                       0x08000144   Section        0  at32f421_int.o(.text.MemManage_Handler)
    [Anonymous Symbol]                       0x08000148   Section        0  at32f421_int.o(.text.NMI_Handler)
    [Anonymous Symbol]                       0x0800014c   Section        0  at32f421_int.o(.text.PendSV_Handler)
    [Anonymous Symbol]                       0x08000150   Section        0  at32f421_int.o(.text.SVC_Handler)
    [Anonymous Symbol]                       0x08000154   Section        0  at32f421_int.o(.text.SysTick_Handler)
    [Anonymous Symbol]                       0x08000158   Section        0  system_at32f421.o(.text.SystemInit)
    [Anonymous Symbol]                       0x080001b4   Section        0  at32f421_int.o(.text.TMR15_GLOBAL_IRQHandler)
    [Anonymous Symbol]                       0x080001b8   Section        0  at32f421_int.o(.text.TMR1_CH_IRQHandler)
    [Anonymous Symbol]                       0x080001bc   Section        0  at32f421_int.o(.text.UsageFault_Handler)
    [Anonymous Symbol]                       0x080001c0   Section        0  at32f421_adc.o(.text.adc_base_config)
    [Anonymous Symbol]                       0x08000204   Section        0  at32f421_adc.o(.text.adc_base_default_para_init)
    [Anonymous Symbol]                       0x0800020c   Section        0  at32f421_adc.o(.text.adc_calibration_init)
    [Anonymous Symbol]                       0x08000218   Section        0  at32f421_adc.o(.text.adc_calibration_init_status_get)
    [Anonymous Symbol]                       0x08000220   Section        0  at32f421_adc.o(.text.adc_calibration_start)
    [Anonymous Symbol]                       0x0800022c   Section        0  at32f421_adc.o(.text.adc_calibration_status_get)
    [Anonymous Symbol]                       0x08000234   Section        0  at32f421_adc.o(.text.adc_dma_mode_enable)
    [Anonymous Symbol]                       0x08000248   Section        0  at32f421_adc.o(.text.adc_enable)
    [Anonymous Symbol]                       0x08000254   Section        0  at32f421_adc.o(.text.adc_ordinary_channel_set)
    [Anonymous Symbol]                       0x080002b4   Section        0  at32f421_adc.o(.text.adc_ordinary_conversion_trigger_set)
    [Anonymous Symbol]                       0x080002d0   Section        0  at32f421_adc.o(.text.adc_ordinary_part_mode_enable)
    [Anonymous Symbol]                       0x080002e4   Section        0  at32f421_crm.o(.text.crm_adc_clock_div_set)
    [Anonymous Symbol]                       0x08000300   Section        0  at32f421_crm.o(.text.crm_ahb_div_set)
    [Anonymous Symbol]                       0x0800031c   Section        0  at32f421_crm.o(.text.crm_apb1_div_set)
    [Anonymous Symbol]                       0x08000338   Section        0  at32f421_crm.o(.text.crm_apb2_div_set)
    [Anonymous Symbol]                       0x08000354   Section        0  at32f421_crm.o(.text.crm_auto_step_mode_enable)
    [Anonymous Symbol]                       0x0800036c   Section        0  at32f421_crm.o(.text.crm_clock_source_enable)
    [Anonymous Symbol]                       0x080003e8   Section        0  at32f421_crm.o(.text.crm_clocks_freq_get)
    crm_clocks_freq_get.sclk_ahb_div_table   0x080004e8   Number         0  at32f421_crm.o(.text.crm_clocks_freq_get)
    crm_clocks_freq_get.adc_div_table        0x080004f8   Number         0  at32f421_crm.o(.text.crm_clocks_freq_get)
    [Anonymous Symbol]                       0x08000500   Section        0  at32f421_crm.o(.text.crm_flag_get)
    [Anonymous Symbol]                       0x0800051c   Section        0  at32f421_crm.o(.text.crm_periph_clock_enable)
    [Anonymous Symbol]                       0x08000544   Section        0  at32f421_crm.o(.text.crm_pll_config)
    [Anonymous Symbol]                       0x080005a0   Section        0  at32f421_crm.o(.text.crm_reset)
    [Anonymous Symbol]                       0x080005f0   Section        0  at32f421_crm.o(.text.crm_sysclk_switch)
    [Anonymous Symbol]                       0x0800062c   Section        0  at32f421_crm.o(.text.crm_sysclk_switch_status_get)
    [Anonymous Symbol]                       0x0800063c   Section        0  at32f421_dma.o(.text.dma_channel_enable)
    [Anonymous Symbol]                       0x08000648   Section        0  at32f421_dma.o(.text.dma_default_para_init)
    [Anonymous Symbol]                       0x08000658   Section        0  at32f421_dma.o(.text.dma_init)
    [Anonymous Symbol]                       0x080006d4   Section        0  at32f421_dma.o(.text.dma_reset)
    [Anonymous Symbol]                       0x08000714   Section        0  at32f421_gpio.o(.text.gpio_bits_reset)
    [Anonymous Symbol]                       0x08000718   Section        0  at32f421_gpio.o(.text.gpio_default_para_init)
    [Anonymous Symbol]                       0x08000728   Section        0  at32f421_gpio.o(.text.gpio_init)
    [Anonymous Symbol]                       0x080007a0   Section        0  at32f421_gpio.o(.text.gpio_pin_mux_config)
    [Anonymous Symbol]                       0x080007cc   Section        0  main.o(.text.main)
    [Anonymous Symbol]                       0x08000814   Section        0  at32f421_misc.o(.text.nvic_irq_enable)
    [Anonymous Symbol]                       0x08000888   Section        0  at32f421_misc.o(.text.nvic_priority_group_config)
    [Anonymous Symbol]                       0x080008a8   Section        0  system_at32f421.o(.text.system_core_clock_update)
    system_core_clock_update.sys_ahb_div_table 0x08000978   Number         0  system_at32f421.o(.text.system_core_clock_update)
    [Anonymous Symbol]                       0x08000988   Section        0  at32f421_misc.o(.text.systick_clock_source_config)
    [Anonymous Symbol]                       0x080009a0   Section        0  at32f421_tmr.o(.text.tmr_base_init)
    [Anonymous Symbol]                       0x080009b0   Section        0  at32f421_tmr.o(.text.tmr_brkdt_config)
    [Anonymous Symbol]                       0x08000a2c   Section        0  at32f421_tmr.o(.text.tmr_channel_value_set)
    [Anonymous Symbol]                       0x08000a50   Section        0  at32f421_tmr.o(.text.tmr_clock_source_div_set)
    [Anonymous Symbol]                       0x08000a64   Section        0  at32f421_tmr.o(.text.tmr_cnt_dir_set)
    [Anonymous Symbol]                       0x08000a78   Section        0  at32f421_tmr.o(.text.tmr_counter_enable)
    [Anonymous Symbol]                       0x08000a84   Section        0  at32f421_tmr.o(.text.tmr_output_channel_buffer_enable)
    [Anonymous Symbol]                       0x08000adc   Section        0  at32f421_tmr.o(.text.tmr_output_channel_config)
    [Anonymous Symbol]                       0x08000bd8   Section        0  at32f421_tmr.o(.text.tmr_output_channel_immediately_set)
    [Anonymous Symbol]                       0x08000c30   Section        0  at32f421_tmr.o(.text.tmr_output_enable)
    [Anonymous Symbol]                       0x08000c44   Section        0  at32f421_tmr.o(.text.tmr_period_buffer_enable)
    [Anonymous Symbol]                       0x08000c58   Section        0  at32f421_tmr.o(.text.tmr_primary_mode_select)
    [Anonymous Symbol]                       0x08000c6c   Section        0  at32f421_tmr.o(.text.tmr_repetition_counter_set)
    [Anonymous Symbol]                       0x08000c78   Section        0  at32f421_tmr.o(.text.tmr_sub_sync_mode_set)
    [Anonymous Symbol]                       0x08000c8c   Section        0  wk_adc.o(.text.wk_adc1_init)
    [Anonymous Symbol]                       0x08000dc0   Section        0  wk_dma.o(.text.wk_dma1_channel1_init)
    [Anonymous Symbol]                       0x08000dfc   Section        0  wk_dma.o(.text.wk_dma_channel_config)
    [Anonymous Symbol]                       0x08000e04   Section        0  wk_gpio.o(.text.wk_gpio_config)
    [Anonymous Symbol]                       0x08000eac   Section        0  at32f421_wk_config.o(.text.wk_nvic_config)
    [Anonymous Symbol]                       0x08000f1c   Section        0  at32f421_wk_config.o(.text.wk_periph_clock_config)
    [Anonymous Symbol]                       0x08000f7c   Section        0  at32f421_wk_config.o(.text.wk_system_clock_config)
    [Anonymous Symbol]                       0x08001010   Section        0  wk_system.o(.text.wk_timebase_init)
    [Anonymous Symbol]                       0x08001058   Section        0  wk_tmr.o(.text.wk_tmr15_init)
    [Anonymous Symbol]                       0x08001130   Section        0  wk_tmr.o(.text.wk_tmr1_init)
    i.__scatterload_copy                     0x0800121a   Section       14  handlers.o(i.__scatterload_copy)
    i.__scatterload_null                     0x08001228   Section        2  handlers.o(i.__scatterload_null)
    i.__scatterload_zeroinit                 0x0800122a   Section       14  handlers.o(i.__scatterload_zeroinit)
    crm_clocks_freq_get.ahb_apb2_div_table   0x08001238   Data           8  at32f421_crm.o(.rodata.cst8)
    [Anonymous Symbol]                       0x08001238   Section        0  at32f421_crm.o(.rodata.cst8)
    STACK                                    0x20000010   Section     1024  startup_at32f421.o(STACK)

    Global Symbols

    Symbol Name                              Value     Ov Type        Size  Object(Section)

    BuildAttributes$$THM_ISAv4$E$P$D$K$B$S$7EM$PE$A:L22UL41UL21$X:L11$S22US41US21$IEEE1$IW$~IW$USESV6$~STKCKD$USESV7$~SHL$OTIME$EBA8$MICROLIB$REQ8$PRES8$EABIv2 0x00000000   Number         0  anon$$obj.o ABSOLUTE
    __cpp_initialize__aeabi_                  - Undefined Weak Reference
    __cxa_finalize                            - Undefined Weak Reference
    __decompress                              - Undefined Weak Reference
    _clock_init                               - Undefined Weak Reference
    _microlib_exit                            - Undefined Weak Reference
    __Vectors_Size                           0x000000cc   Number         0  startup_at32f421.o ABSOLUTE
    __Vectors                                0x08000000   Data           4  startup_at32f421.o(RESET)
    __Vectors_End                            0x080000cc   Data           0  startup_at32f421.o(RESET)
    __main                                   0x080000cd   Thumb Code     0  entry.o(.ARM.Collect$$$$00000000)
    _main_stk                                0x080000cd   Thumb Code     0  entry2.o(.ARM.Collect$$$$00000001)
    _main_scatterload                        0x080000d1   Thumb Code     0  entry5.o(.ARM.Collect$$$$00000004)
    __main_after_scatterload                 0x080000d5   Thumb Code     0  entry5.o(.ARM.Collect$$$$00000004)
    _main_clock                              0x080000d5   Thumb Code     0  entry7b.o(.ARM.Collect$$$$00000008)
    _main_cpp_init                           0x080000d5   Thumb Code     0  entry8b.o(.ARM.Collect$$$$0000000A)
    _main_init                               0x080000d5   Thumb Code     0  entry9a.o(.ARM.Collect$$$$0000000B)
    __rt_final_cpp                           0x080000dd   Thumb Code     0  entry10a.o(.ARM.Collect$$$$0000000D)
    __rt_final_exit                          0x080000dd   Thumb Code     0  entry11a.o(.ARM.Collect$$$$0000000F)
    Reset_Handler                            0x080000e1   Thumb Code     8  startup_at32f421.o(.text)
    ADC1_CMP_IRQHandler                      0x080000fb   Thumb Code     0  startup_at32f421.o(.text)
    CRM_IRQHandler                           0x080000fb   Thumb Code     0  startup_at32f421.o(.text)
    DMA1_Channel3_2_IRQHandler               0x080000fb   Thumb Code     0  startup_at32f421.o(.text)
    DMA1_Channel5_4_IRQHandler               0x080000fb   Thumb Code     0  startup_at32f421.o(.text)
    ERTC_IRQHandler                          0x080000fb   Thumb Code     0  startup_at32f421.o(.text)
    EXINT15_4_IRQHandler                     0x080000fb   Thumb Code     0  startup_at32f421.o(.text)
    EXINT1_0_IRQHandler                      0x080000fb   Thumb Code     0  startup_at32f421.o(.text)
    EXINT3_2_IRQHandler                      0x080000fb   Thumb Code     0  startup_at32f421.o(.text)
    FLASH_IRQHandler                         0x080000fb   Thumb Code     0  startup_at32f421.o(.text)
    I2C1_ERR_IRQHandler                      0x080000fb   Thumb Code     0  startup_at32f421.o(.text)
    I2C1_EVT_IRQHandler                      0x080000fb   Thumb Code     0  startup_at32f421.o(.text)
    I2C2_ERR_IRQHandler                      0x080000fb   Thumb Code     0  startup_at32f421.o(.text)
    I2C2_EVT_IRQHandler                      0x080000fb   Thumb Code     0  startup_at32f421.o(.text)
    PVM_IRQHandler                           0x080000fb   Thumb Code     0  startup_at32f421.o(.text)
    SPI1_IRQHandler                          0x080000fb   Thumb Code     0  startup_at32f421.o(.text)
    SPI2_IRQHandler                          0x080000fb   Thumb Code     0  startup_at32f421.o(.text)
    TMR14_GLOBAL_IRQHandler                  0x080000fb   Thumb Code     0  startup_at32f421.o(.text)
    TMR16_GLOBAL_IRQHandler                  0x080000fb   Thumb Code     0  startup_at32f421.o(.text)
    TMR17_GLOBAL_IRQHandler                  0x080000fb   Thumb Code     0  startup_at32f421.o(.text)
    TMR1_BRK_OVF_TRG_HALL_IRQHandler         0x080000fb   Thumb Code     0  startup_at32f421.o(.text)
    TMR3_GLOBAL_IRQHandler                   0x080000fb   Thumb Code     0  startup_at32f421.o(.text)
    TMR6_GLOBAL_IRQHandler                   0x080000fb   Thumb Code     0  startup_at32f421.o(.text)
    USART1_IRQHandler                        0x080000fb   Thumb Code     0  startup_at32f421.o(.text)
    USART2_IRQHandler                        0x080000fb   Thumb Code     0  startup_at32f421.o(.text)
    WWDT_IRQHandler                          0x080000fb   Thumb Code     0  startup_at32f421.o(.text)
    __scatterload                            0x08000105   Thumb Code    38  init.o(.text)
    __scatterload_rt2                        0x08000105   Thumb Code     0  init.o(.text)
    BusFault_Handler                         0x08000135   Thumb Code     2  at32f421_int.o(.text.BusFault_Handler)
    DMA1_Channel1_IRQHandler                 0x08000139   Thumb Code     2  at32f421_int.o(.text.DMA1_Channel1_IRQHandler)
    DebugMon_Handler                         0x0800013d   Thumb Code     2  at32f421_int.o(.text.DebugMon_Handler)
    HardFault_Handler                        0x08000141   Thumb Code     2  at32f421_int.o(.text.HardFault_Handler)
    MemManage_Handler                        0x08000145   Thumb Code     2  at32f421_int.o(.text.MemManage_Handler)
    NMI_Handler                              0x08000149   Thumb Code     2  at32f421_int.o(.text.NMI_Handler)
    PendSV_Handler                           0x0800014d   Thumb Code     2  at32f421_int.o(.text.PendSV_Handler)
    SVC_Handler                              0x08000151   Thumb Code     2  at32f421_int.o(.text.SVC_Handler)
    SysTick_Handler                          0x08000155   Thumb Code     2  at32f421_int.o(.text.SysTick_Handler)
    SystemInit                               0x08000159   Thumb Code    92  system_at32f421.o(.text.SystemInit)
    TMR15_GLOBAL_IRQHandler                  0x080001b5   Thumb Code     2  at32f421_int.o(.text.TMR15_GLOBAL_IRQHandler)
    TMR1_CH_IRQHandler                       0x080001b9   Thumb Code     2  at32f421_int.o(.text.TMR1_CH_IRQHandler)
    UsageFault_Handler                       0x080001bd   Thumb Code     2  at32f421_int.o(.text.UsageFault_Handler)
    adc_base_config                          0x080001c1   Thumb Code    68  at32f421_adc.o(.text.adc_base_config)
    adc_base_default_para_init               0x08000205   Thumb Code     8  at32f421_adc.o(.text.adc_base_default_para_init)
    adc_calibration_init                     0x0800020d   Thumb Code    10  at32f421_adc.o(.text.adc_calibration_init)
    adc_calibration_init_status_get          0x08000219   Thumb Code     8  at32f421_adc.o(.text.adc_calibration_init_status_get)
    adc_calibration_start                    0x08000221   Thumb Code    10  at32f421_adc.o(.text.adc_calibration_start)
    adc_calibration_status_get               0x0800022d   Thumb Code     8  at32f421_adc.o(.text.adc_calibration_status_get)
    adc_dma_mode_enable                      0x08000235   Thumb Code    18  at32f421_adc.o(.text.adc_dma_mode_enable)
    adc_enable                               0x08000249   Thumb Code    10  at32f421_adc.o(.text.adc_enable)
    adc_ordinary_channel_set                 0x08000255   Thumb Code    96  at32f421_adc.o(.text.adc_ordinary_channel_set)
    adc_ordinary_conversion_trigger_set      0x080002b5   Thumb Code    26  at32f421_adc.o(.text.adc_ordinary_conversion_trigger_set)
    adc_ordinary_part_mode_enable            0x080002d1   Thumb Code    18  at32f421_adc.o(.text.adc_ordinary_part_mode_enable)
    crm_adc_clock_div_set                    0x080002e5   Thumb Code    28  at32f421_crm.o(.text.crm_adc_clock_div_set)
    crm_ahb_div_set                          0x08000301   Thumb Code    26  at32f421_crm.o(.text.crm_ahb_div_set)
    crm_apb1_div_set                         0x0800031d   Thumb Code    26  at32f421_crm.o(.text.crm_apb1_div_set)
    crm_apb2_div_set                         0x08000339   Thumb Code    26  at32f421_crm.o(.text.crm_apb2_div_set)
    crm_auto_step_mode_enable                0x08000355   Thumb Code    24  at32f421_crm.o(.text.crm_auto_step_mode_enable)
    crm_clock_source_enable                  0x0800036d   Thumb Code   122  at32f421_crm.o(.text.crm_clock_source_enable)
    crm_clocks_freq_get                      0x080003e9   Thumb Code   256  at32f421_crm.o(.text.crm_clocks_freq_get)
    crm_flag_get                             0x08000501   Thumb Code    26  at32f421_crm.o(.text.crm_flag_get)
    crm_periph_clock_enable                  0x0800051d   Thumb Code    40  at32f421_crm.o(.text.crm_periph_clock_enable)
    crm_pll_config                           0x08000545   Thumb Code    90  at32f421_crm.o(.text.crm_pll_config)
    crm_reset                                0x080005a1   Thumb Code    78  at32f421_crm.o(.text.crm_reset)
    crm_sysclk_switch                        0x080005f1   Thumb Code    58  at32f421_crm.o(.text.crm_sysclk_switch)
    crm_sysclk_switch_status_get             0x0800062d   Thumb Code    16  at32f421_crm.o(.text.crm_sysclk_switch_status_get)
    dma_channel_enable                       0x0800063d   Thumb Code    10  at32f421_dma.o(.text.dma_channel_enable)
    dma_default_para_init                    0x08000649   Thumb Code    14  at32f421_dma.o(.text.dma_default_para_init)
    dma_init                                 0x08000659   Thumb Code   124  at32f421_dma.o(.text.dma_init)
    dma_reset                                0x080006d5   Thumb Code    64  at32f421_dma.o(.text.dma_reset)
    gpio_bits_reset                          0x08000715   Thumb Code     4  at32f421_gpio.o(.text.gpio_bits_reset)
    gpio_default_para_init                   0x08000719   Thumb Code    14  at32f421_gpio.o(.text.gpio_default_para_init)
    gpio_init                                0x08000729   Thumb Code   120  at32f421_gpio.o(.text.gpio_init)
    gpio_pin_mux_config                      0x080007a1   Thumb Code    44  at32f421_gpio.o(.text.gpio_pin_mux_config)
    main                                     0x080007cd   Thumb Code    70  main.o(.text.main)
    nvic_irq_enable                          0x08000815   Thumb Code   116  at32f421_misc.o(.text.nvic_irq_enable)
    nvic_priority_group_config               0x08000889   Thumb Code    32  at32f421_misc.o(.text.nvic_priority_group_config)
    system_core_clock_update                 0x080008a9   Thumb Code   208  system_at32f421.o(.text.system_core_clock_update)
    systick_clock_source_config              0x08000989   Thumb Code    24  at32f421_misc.o(.text.systick_clock_source_config)
    tmr_base_init                            0x080009a1   Thumb Code    14  at32f421_tmr.o(.text.tmr_base_init)
    tmr_brkdt_config                         0x080009b1   Thumb Code   122  at32f421_tmr.o(.text.tmr_brkdt_config)
    tmr_channel_value_set                    0x08000a2d   Thumb Code    34  at32f421_tmr.o(.text.tmr_channel_value_set)
    tmr_clock_source_div_set                 0x08000a51   Thumb Code    18  at32f421_tmr.o(.text.tmr_clock_source_div_set)
    tmr_cnt_dir_set                          0x08000a65   Thumb Code    18  at32f421_tmr.o(.text.tmr_cnt_dir_set)
    tmr_counter_enable                       0x08000a79   Thumb Code    10  at32f421_tmr.o(.text.tmr_counter_enable)
    tmr_output_channel_buffer_enable         0x08000a85   Thumb Code    88  at32f421_tmr.o(.text.tmr_output_channel_buffer_enable)
    tmr_output_channel_config                0x08000add   Thumb Code   250  at32f421_tmr.o(.text.tmr_output_channel_config)
    tmr_output_channel_immediately_set       0x08000bd9   Thumb Code    88  at32f421_tmr.o(.text.tmr_output_channel_immediately_set)
    tmr_output_enable                        0x08000c31   Thumb Code    18  at32f421_tmr.o(.text.tmr_output_enable)
    tmr_period_buffer_enable                 0x08000c45   Thumb Code    18  at32f421_tmr.o(.text.tmr_period_buffer_enable)
    tmr_primary_mode_select                  0x08000c59   Thumb Code    18  at32f421_tmr.o(.text.tmr_primary_mode_select)
    tmr_repetition_counter_set               0x08000c6d   Thumb Code    12  at32f421_tmr.o(.text.tmr_repetition_counter_set)
    tmr_sub_sync_mode_set                    0x08000c79   Thumb Code    18  at32f421_tmr.o(.text.tmr_sub_sync_mode_set)
    wk_adc1_init                             0x08000c8d   Thumb Code   306  wk_adc.o(.text.wk_adc1_init)
    wk_dma1_channel1_init                    0x08000dc1   Thumb Code    60  wk_dma.o(.text.wk_dma1_channel1_init)
    wk_dma_channel_config                    0x08000dfd   Thumb Code     8  wk_dma.o(.text.wk_dma_channel_config)
    wk_gpio_config                           0x08000e05   Thumb Code   166  wk_gpio.o(.text.wk_gpio_config)
    wk_nvic_config                           0x08000ead   Thumb Code   112  at32f421_wk_config.o(.text.wk_nvic_config)
    wk_periph_clock_config                   0x08000f1d   Thumb Code    94  at32f421_wk_config.o(.text.wk_periph_clock_config)
    wk_system_clock_config                   0x08000f7d   Thumb Code   146  at32f421_wk_config.o(.text.wk_system_clock_config)
    wk_timebase_init                         0x08001011   Thumb Code    72  wk_system.o(.text.wk_timebase_init)
    wk_tmr15_init                            0x08001059   Thumb Code   216  wk_tmr.o(.text.wk_tmr15_init)
    wk_tmr1_init                             0x08001131   Thumb Code   234  wk_tmr.o(.text.wk_tmr1_init)
    __scatterload_copy                       0x0800121b   Thumb Code    14  handlers.o(i.__scatterload_copy)
    __scatterload_null                       0x08001229   Thumb Code     2  handlers.o(i.__scatterload_null)
    __scatterload_zeroinit                   0x0800122b   Thumb Code    14  handlers.o(i.__scatterload_zeroinit)
    Region$$Table$$Base                      0x08001240   Number         0  anon$$obj.o(Region$$Table)
    Region$$Table$$Limit                     0x08001260   Number         0  anon$$obj.o(Region$$Table)
    system_core_clock                        0x20000000   Data           4  system_at32f421.o(.data.system_core_clock)
    ticks_count_us                           0x20000008   Data           4  wk_system.o(.bss.ticks_count_us)
    __initial_sp                             0x20000410   Data           0  startup_at32f421.o(STACK)



==============================================================================

Memory Map of the image

  Image Entry point : 0x080000cd

  Load Region LR_IROM1 (Base: 0x08000000, Size: 0x00001268, Max: 0x00010000, ABSOLUTE)

    Execution Region ER_IROM1 (Exec base: 0x08000000, Load base: 0x08000000, Size: 0x00001260, Max: 0x00010000, ABSOLUTE)

    Exec Addr    Load Addr    Size         Type   Attr      Idx    E Section Name        Object

    0x08000000   0x08000000   0x000000cc   Data   RO          628    RESET               startup_at32f421.o
    0x080000cc   0x080000cc   0x00000000   Code   RO          635  * .ARM.Collect$$$$00000000  mc_w.l(entry.o)
    0x080000cc   0x080000cc   0x00000004   Code   RO          638    .ARM.Collect$$$$00000001  mc_w.l(entry2.o)
    0x080000d0   0x080000d0   0x00000004   Code   RO          641    .ARM.Collect$$$$00000004  mc_w.l(entry5.o)
    0x080000d4   0x080000d4   0x00000000   Code   RO          643    .ARM.Collect$$$$00000008  mc_w.l(entry7b.o)
    0x080000d4   0x080000d4   0x00000000   Code   RO          645    .ARM.Collect$$$$0000000A  mc_w.l(entry8b.o)
    0x080000d4   0x080000d4   0x00000008   Code   RO          646    .ARM.Collect$$$$0000000B  mc_w.l(entry9a.o)
    0x080000dc   0x080000dc   0x00000000   Code   RO          648    .ARM.Collect$$$$0000000D  mc_w.l(entry10a.o)
    0x080000dc   0x080000dc   0x00000000   Code   RO          650    .ARM.Collect$$$$0000000F  mc_w.l(entry11a.o)
    0x080000dc   0x080000dc   0x00000004   Code   RO          639    .ARM.Collect$$$$00002712  mc_w.l(entry2.o)
    0x080000e0   0x080000e0   0x00000024   Code   RO          629    .text               startup_at32f421.o
    0x08000104   0x08000104   0x00000030   Code   RO          652    .text               mc_w.l(init.o)
    0x08000134   0x08000134   0x00000002   Code   RO            8    .text.BusFault_Handler  at32f421_int.o
    0x08000136   0x08000136   0x00000002   PAD
    0x08000138   0x08000138   0x00000002   Code   RO           20    .text.DMA1_Channel1_IRQHandler  at32f421_int.o
    0x0800013a   0x0800013a   0x00000002   PAD
    0x0800013c   0x0800013c   0x00000002   Code   RO           14    .text.DebugMon_Handler  at32f421_int.o
    0x0800013e   0x0800013e   0x00000002   PAD
    0x08000140   0x08000140   0x00000002   Code   RO            4    .text.HardFault_Handler  at32f421_int.o
    0x08000142   0x08000142   0x00000002   PAD
    0x08000144   0x08000144   0x00000002   Code   RO            6    .text.MemManage_Handler  at32f421_int.o
    0x08000146   0x08000146   0x00000002   PAD
    0x08000148   0x08000148   0x00000002   Code   RO            2    .text.NMI_Handler   at32f421_int.o
    0x0800014a   0x0800014a   0x00000002   PAD
    0x0800014c   0x0800014c   0x00000002   Code   RO           16    .text.PendSV_Handler  at32f421_int.o
    0x0800014e   0x0800014e   0x00000002   PAD
    0x08000150   0x08000150   0x00000002   Code   RO           12    .text.SVC_Handler   at32f421_int.o
    0x08000152   0x08000152   0x00000002   PAD
    0x08000154   0x08000154   0x00000002   Code   RO           18    .text.SysTick_Handler  at32f421_int.o
    0x08000156   0x08000156   0x00000002   PAD
    0x08000158   0x08000158   0x0000005c   Code   RO          614    .text.SystemInit    system_at32f421.o
    0x080001b4   0x080001b4   0x00000002   Code   RO           24    .text.TMR15_GLOBAL_IRQHandler  at32f421_int.o
    0x080001b6   0x080001b6   0x00000002   PAD
    0x080001b8   0x080001b8   0x00000002   Code   RO           22    .text.TMR1_CH_IRQHandler  at32f421_int.o
    0x080001ba   0x080001ba   0x00000002   PAD
    0x080001bc   0x080001bc   0x00000002   Code   RO           10    .text.UsageFault_Handler  at32f421_int.o
    0x080001be   0x080001be   0x00000002   PAD
    0x080001c0   0x080001c0   0x00000044   Code   RO          378    .text.adc_base_config  at32f421_adc.o
    0x08000204   0x08000204   0x00000008   Code   RO          376    .text.adc_base_default_para_init  at32f421_adc.o
    0x0800020c   0x0800020c   0x0000000a   Code   RO          384    .text.adc_calibration_init  at32f421_adc.o
    0x08000216   0x08000216   0x00000002   PAD
    0x08000218   0x08000218   0x00000008   Code   RO          386    .text.adc_calibration_init_status_get  at32f421_adc.o
    0x08000220   0x08000220   0x0000000a   Code   RO          388    .text.adc_calibration_start  at32f421_adc.o
    0x0800022a   0x0800022a   0x00000002   PAD
    0x0800022c   0x0800022c   0x00000008   Code   RO          390    .text.adc_calibration_status_get  at32f421_adc.o
    0x08000234   0x08000234   0x00000012   Code   RO          380    .text.adc_dma_mode_enable  at32f421_adc.o
    0x08000246   0x08000246   0x00000002   PAD
    0x08000248   0x08000248   0x0000000a   Code   RO          374    .text.adc_enable    at32f421_adc.o
    0x08000252   0x08000252   0x00000002   PAD
    0x08000254   0x08000254   0x00000060   Code   RO          398    .text.adc_ordinary_channel_set  at32f421_adc.o
    0x080002b4   0x080002b4   0x0000001a   Code   RO          404    .text.adc_ordinary_conversion_trigger_set  at32f421_adc.o
    0x080002ce   0x080002ce   0x00000002   PAD
    0x080002d0   0x080002d0   0x00000012   Code   RO          412    .text.adc_ordinary_part_mode_enable  at32f421_adc.o
    0x080002e2   0x080002e2   0x00000002   PAD
    0x080002e4   0x080002e4   0x0000001c   Code   RO          146    .text.crm_adc_clock_div_set  at32f421_crm.o
    0x08000300   0x08000300   0x0000001a   Code   RO          140    .text.crm_ahb_div_set  at32f421_crm.o
    0x0800031a   0x0800031a   0x00000002   PAD
    0x0800031c   0x0800031c   0x0000001a   Code   RO          142    .text.crm_apb1_div_set  at32f421_crm.o
    0x08000336   0x08000336   0x00000002   PAD
    0x08000338   0x08000338   0x0000001a   Code   RO          144    .text.crm_apb2_div_set  at32f421_crm.o
    0x08000352   0x08000352   0x00000002   PAD
    0x08000354   0x08000354   0x00000018   Code   RO          166    .text.crm_auto_step_mode_enable  at32f421_crm.o
    0x0800036c   0x0800036c   0x0000007a   Code   RO          132    .text.crm_clock_source_enable  at32f421_crm.o
    0x080003e6   0x080003e6   0x00000002   PAD
    0x080003e8   0x080003e8   0x00000118   Code   RO          160    .text.crm_clocks_freq_get  at32f421_crm.o
    0x08000500   0x08000500   0x0000001a   Code   RO          116    .text.crm_flag_get  at32f421_crm.o
    0x0800051a   0x0800051a   0x00000002   PAD
    0x0800051c   0x0800051c   0x00000028   Code   RO          126    .text.crm_periph_clock_enable  at32f421_crm.o
    0x08000544   0x08000544   0x0000005a   Code   RO          152    .text.crm_pll_config  at32f421_crm.o
    0x0800059e   0x0800059e   0x00000002   PAD
    0x080005a0   0x080005a0   0x0000004e   Code   RO          110    .text.crm_reset     at32f421_crm.o
    0x080005ee   0x080005ee   0x00000002   PAD
    0x080005f0   0x080005f0   0x0000003a   Code   RO          156    .text.crm_sysclk_switch  at32f421_crm.o
    0x0800062a   0x0800062a   0x00000002   PAD
    0x0800062c   0x0800062c   0x00000010   Code   RO          158    .text.crm_sysclk_switch_status_get  at32f421_crm.o
    0x0800063c   0x0800063c   0x0000000a   Code   RO          454    .text.dma_channel_enable  at32f421_dma.o
    0x08000646   0x08000646   0x00000002   PAD
    0x08000648   0x08000648   0x0000000e   Code   RO          462    .text.dma_default_para_init  at32f421_dma.o
    0x08000656   0x08000656   0x00000002   PAD
    0x08000658   0x08000658   0x0000007c   Code   RO          464    .text.dma_init      at32f421_dma.o
    0x080006d4   0x080006d4   0x00000040   Code   RO          446    .text.dma_reset     at32f421_dma.o
    0x08000714   0x08000714   0x00000004   Code   RO          321    .text.gpio_bits_reset  at32f421_gpio.o
    0x08000718   0x08000718   0x0000000e   Code   RO          309    .text.gpio_default_para_init  at32f421_gpio.o
    0x08000726   0x08000726   0x00000002   PAD
    0x08000728   0x08000728   0x00000078   Code   RO          307    .text.gpio_init     at32f421_gpio.o
    0x080007a0   0x080007a0   0x0000002c   Code   RO          331    .text.gpio_pin_mux_config  at32f421_gpio.o
    0x080007cc   0x080007cc   0x00000046   Code   RO           47    .text.main          main.o
    0x08000812   0x08000812   0x00000002   PAD
    0x08000814   0x08000814   0x00000074   Code   RO          566    .text.nvic_irq_enable  at32f421_misc.o
    0x08000888   0x08000888   0x00000020   Code   RO          570    .text.nvic_priority_group_config  at32f421_misc.o
    0x080008a8   0x080008a8   0x000000e0   Code   RO          616    .text.system_core_clock_update  system_at32f421.o
    0x08000988   0x08000988   0x00000018   Code   RO          576    .text.systick_clock_source_config  at32f421_misc.o
    0x080009a0   0x080009a0   0x0000000e   Code   RO          193    .text.tmr_base_init  at32f421_tmr.o
    0x080009ae   0x080009ae   0x00000002   PAD
    0x080009b0   0x080009b0   0x0000007a   Code   RO          293    .text.tmr_brkdt_config  at32f421_tmr.o
    0x08000a2a   0x08000a2a   0x00000002   PAD
    0x08000a2c   0x08000a2c   0x00000022   Code   RO          217    .text.tmr_channel_value_set  at32f421_tmr.o
    0x08000a4e   0x08000a4e   0x00000002   PAD
    0x08000a50   0x08000a50   0x00000012   Code   RO          195    .text.tmr_clock_source_div_set  at32f421_tmr.o
    0x08000a62   0x08000a62   0x00000002   PAD
    0x08000a64   0x08000a64   0x00000012   Code   RO          197    .text.tmr_cnt_dir_set  at32f421_tmr.o
    0x08000a76   0x08000a76   0x00000002   PAD
    0x08000a78   0x08000a78   0x0000000a   Code   RO          185    .text.tmr_counter_enable  at32f421_tmr.o
    0x08000a82   0x08000a82   0x00000002   PAD
    0x08000a84   0x08000a84   0x00000058   Code   RO          223    .text.tmr_output_channel_buffer_enable  at32f421_tmr.o
    0x08000adc   0x08000adc   0x000000fa   Code   RO          209    .text.tmr_output_channel_config  at32f421_tmr.o
    0x08000bd6   0x08000bd6   0x00000002   PAD
    0x08000bd8   0x08000bd8   0x00000058   Code   RO          225    .text.tmr_output_channel_immediately_set  at32f421_tmr.o
    0x08000c30   0x08000c30   0x00000012   Code   RO          275    .text.tmr_output_enable  at32f421_tmr.o
    0x08000c42   0x08000c42   0x00000002   PAD
    0x08000c44   0x08000c44   0x00000012   Code   RO          221    .text.tmr_period_buffer_enable  at32f421_tmr.o
    0x08000c56   0x08000c56   0x00000002   PAD
    0x08000c58   0x08000c58   0x00000012   Code   RO          249    .text.tmr_primary_mode_select  at32f421_tmr.o
    0x08000c6a   0x08000c6a   0x00000002   PAD
    0x08000c6c   0x08000c6c   0x0000000c   Code   RO          199    .text.tmr_repetition_counter_set  at32f421_tmr.o
    0x08000c78   0x08000c78   0x00000012   Code   RO          261    .text.tmr_sub_sync_mode_set  at32f421_tmr.o
    0x08000c8a   0x08000c8a   0x00000002   PAD
    0x08000c8c   0x08000c8c   0x00000132   Code   RO           71    .text.wk_adc1_init  wk_adc.o
    0x08000dbe   0x08000dbe   0x00000002   PAD
    0x08000dc0   0x08000dc0   0x0000003c   Code   RO           91    .text.wk_dma1_channel1_init  wk_dma.o
    0x08000dfc   0x08000dfc   0x00000008   Code   RO           93    .text.wk_dma_channel_config  wk_dma.o
    0x08000e04   0x08000e04   0x000000a6   Code   RO          102    .text.wk_gpio_config  wk_gpio.o
    0x08000eaa   0x08000eaa   0x00000002   PAD
    0x08000eac   0x08000eac   0x00000070   Code   RO           37    .text.wk_nvic_config  at32f421_wk_config.o
    0x08000f1c   0x08000f1c   0x0000005e   Code   RO           35    .text.wk_periph_clock_config  at32f421_wk_config.o
    0x08000f7a   0x08000f7a   0x00000002   PAD
    0x08000f7c   0x08000f7c   0x00000092   Code   RO           33    .text.wk_system_clock_config  at32f421_wk_config.o
    0x0800100e   0x0800100e   0x00000002   PAD
    0x08001010   0x08001010   0x00000048   Code   RO           60    .text.wk_timebase_init  wk_system.o
    0x08001058   0x08001058   0x000000d8   Code   RO           81    .text.wk_tmr15_init  wk_tmr.o
    0x08001130   0x08001130   0x000000ea   Code   RO           79    .text.wk_tmr1_init  wk_tmr.o
    0x0800121a   0x0800121a   0x0000000e   Code   RO          656    i.__scatterload_copy  mc_w.l(handlers.o)
    0x08001228   0x08001228   0x00000002   Code   RO          657    i.__scatterload_null  mc_w.l(handlers.o)
    0x0800122a   0x0800122a   0x0000000e   Code   RO          658    i.__scatterload_zeroinit  mc_w.l(handlers.o)
    0x08001238   0x08001238   0x00000008   Data   RO          174    .rodata.cst8        at32f421_crm.o
    0x08001240   0x08001240   0x00000020   Data   RO          655    Region$$Table       anon$$obj.o


    Execution Region RW_IRAM1 (Exec base: 0x20000000, Load base: 0x08001260, Size: 0x00000410, Max: 0x00004000, ABSOLUTE)

    Exec Addr    Load Addr    Size         Type   Attr      Idx    E Section Name        Object

    0x20000000   0x08001260   0x00000004   Data   RW          618    .data.system_core_clock  system_at32f421.o
    0x20000004   0x08001264   0x00000004   PAD
    0x20000008        -       0x00000004   Zero   RW           62    .bss.ticks_count_us  wk_system.o
    0x2000000c   0x08001264   0x00000004   PAD
    0x20000010        -       0x00000400   Zero   RW          626    STACK               startup_at32f421.o


==============================================================================

Image component sizes


      Code (inc. data)   RO Data    RW Data    ZI Data      Debug   Object Name

       280          0          0          0          0      14662   at32f421_adc.o
       840         30          8          0          0      19307   at32f421_crm.o
       212          0          0          0          0       5429   at32f421_dma.o
       182          0          0          0          0      10670   at32f421_gpio.o
        24          0          0          0          0       1314   at32f421_int.o
       172          0          0          0          0       6283   at32f421_misc.o
       726         32          0          0          0      29053   at32f421_tmr.o
       352          0          0          0          0      10784   at32f421_wk_config.o
        70          0          0          0          0       4686   main.o
        36          8        204          0       1024        832   startup_at32f421.o
       316         16          0          4          0       7190   system_at32f421.o
       306          0          0          0          0      10896   wk_adc.o
        68          0          0          0          0       2726   wk_dma.o
       166          0          0          0          0       6204   wk_gpio.o
        72          0          0          0          4       1927   wk_system.o
       450          0          0          0          0      13637   wk_tmr.o

    ----------------------------------------------------------------------
      4362         86        244          4       1036     145600   Object Totals
         0          0         32          0          0          0   (incl. Generated)
        90          0          0          0          8          0   (incl. Padding)

    ----------------------------------------------------------------------

      Code (inc. data)   RO Data    RW Data    ZI Data      Debug   Library Member Name

         0          0          0          0          0          0   entry.o
         0          0          0          0          0          0   entry10a.o
         0          0          0          0          0          0   entry11a.o
         8          4          0          0          0          0   entry2.o
         4          0          0          0          0          0   entry5.o
         0          0          0          0          0          0   entry7b.o
         0          0          0          0          0          0   entry8b.o
         8          4          0          0          0          0   entry9a.o
        30          0          0          0          0          0   handlers.o
        48         10          0          0          0         68   init.o

    ----------------------------------------------------------------------
        98         18          0          0          0         68   Library Totals
         0          0          0          0          0          0   (incl. Padding)

    ----------------------------------------------------------------------

      Code (inc. data)   RO Data    RW Data    ZI Data      Debug   Library Name

        98         18          0          0          0         68   mc_w.l

    ----------------------------------------------------------------------
        98         18          0          0          0         68   Library Totals

    ----------------------------------------------------------------------

==============================================================================


      Code (inc. data)   RO Data    RW Data    ZI Data      Debug   

      4460        104        244          4       1036     145540   Grand Totals
      4460        104        244          4       1036     145540   ELF Image Totals
      4460        104        244          4          0          0   ROM Totals

==============================================================================

    Total RO  Size (Code + RO Data)                 4704 (   4.59kB)
    Total RW  Size (RW Data + ZI Data)              1040 (   1.02kB)
    Total ROM Size (Code + RO Data + RW Data)       4708 (   4.60kB)

==============================================================================

