
=================================================== keil-build-viewer v1.6 ==================================================
 
[Search keil project] 1 item(s)
	C:\Users\liuyu\Desktop\WorkPlace\LLC_Buck\AT32F421C8T7_LLC_Buck\AT32F421C8T7_LLC_Buck\project\MDK_V5\AT32F421C8T7_LLC_Buck.uvprojx

[User input] C:\Users\liuyu\Desktop\WorkPlace\LLC_Buck\AT32F421C8T7_LLC_Buck\AT32F421C8T7_LLC_Buck\project\MDK_V5\AT32F421C8T7_LLC_Buck.uvprojx
[Current folder] C:\Users\liuyu\Desktop\WorkPlace\LLC_Buck\AT32F421C8T7_LLC_Buck\AT32F421C8T7_LLC_Buck\project\MDK_V5
[Encoding] 936

[Hint] You specify the keil project!
[Keil project path] C:\Users\liuyu\Desktop\WorkPlace\LLC_Buck\AT32F421C8T7_LLC_Buck\AT32F421C8T7_LLC_Buck\project\MDK_V5\AT32F421C8T7_LLC_Buck.uvprojx
[Keil project name] AT32F421C8T7_LLC_Buck.uvprojx
[Is keil v4] 0
[target name] AT32F421C8T7_LLC_Buck
[final target name] AT32F421C8T7_LLC_Buck

[Device] -AT32F421C8T7
[Target name] 
[Output name] AT32F421C8T7_LLC_Buck
[Output path] .\objects\
[Listing path] .\listings\
[Is has pack] 1
[Is enbale LTO] 0
[Is has user library] 0
[Is custom scatter file] 0

[AT32F421C8T7_LLC_Buck.uvprojx]  [AT32F421C8T7_LLC_Buck]  [-AT32F421C8T7]  [LTO disable]
 
[memory info]
[name] IRAM [base addr] 0x20000000 [size] 0x00004000 [type] 1 [off-chip] 0 [is pack] 1 [ID] 2 
[name] IROM [base addr] 0x08000000 [size] 0x00010000 [type] 2 [off-chip] 0 [is pack] 1 [ID] 3 


[map file path] C:\Users\liuyu\Desktop\WorkPlace\LLC_Buck\AT32F421C8T7_LLC_Buck\AT32F421C8T7_LLC_Buck\project\MDK_V5\listings\AT32F421C8T7_LLC_Buck.map

[region info]
[load region] LR_IROM1
	[execution region] ER_IROM1, 0x08000000, 0x00010000, 0x00001260 [memory type] 2 [memory ID] 3

	[execution region] RW_IRAM1, 0x20000000, 0x00004000, 0x00000410 [memory type] 1 [memory ID] 2
		[ZI block] addr: 0x20000008, size: 0x00000408 (1032)


[object name max length] 20
[object path max length] 58

[object in map file]
[object name] at32f421_adc.o        [path] ..\..\libraries\drivers\src\at32f421_adc.c
[object name] at32f421_crm.o        [path] ..\..\libraries\drivers\src\at32f421_crm.c
[object name] at32f421_dma.o        [path] ..\..\libraries\drivers\src\at32f421_dma.c
[object name] at32f421_gpio.o       [path] ..\..\libraries\drivers\src\at32f421_gpio.c
[object name] at32f421_int.o        [path] ..\src\at32f421_int.c
[object name] at32f421_misc.o       [path] ..\..\libraries\drivers\src\at32f421_misc.c
[object name] at32f421_tmr.o        [path] ..\..\libraries\drivers\src\at32f421_tmr.c
[object name] at32f421_wk_config.o  [path] ..\src\at32f421_wk_config.c
[object name] main.o                [path] ..\src\main.c
[object name] startup_at32f421.o    [path] .\startup_at32f421.s
[object name] system_at32f421.o     [path] ..\..\libraries\cmsis\cm4\device_support\system_at32f421.c
[object name] wk_adc.o              [path] ..\src\wk_adc.c
[object name] wk_dma.o              [path] ..\src\wk_dma.c
[object name] wk_gpio.o             [path] ..\src\wk_gpio.c
[object name] wk_system.o           [path] ..\src\wk_system.c
[object name] wk_tmr.o              [path] ..\src\wk_tmr.c

[file path in keil project]
[old name] at32f421_int.c        [type] 1   [path] ..\src\at32f421_int.c
[old name] at32f421_wk_config.c  [type] 1   [path] ..\src\at32f421_wk_config.c
[old name] main.c                [type] 1   [path] ..\src\main.c
[old name] wk_system.c           [type] 1   [path] ..\src\wk_system.c
[old name] wk_adc.c              [type] 1   [path] ..\src\wk_adc.c
[old name] wk_tmr.c              [type] 1   [path] ..\src\wk_tmr.c
[old name] wk_dma.c              [type] 1   [path] ..\src\wk_dma.c
[old name] wk_gpio.c             [type] 1   [path] ..\src\wk_gpio.c
[old name] at32f421_crm.c        [type] 1   [path] ..\..\libraries\drivers\src\at32f421_crm.c
[old name] at32f421_tmr.c        [type] 1   [path] ..\..\libraries\drivers\src\at32f421_tmr.c
[old name] at32f421_gpio.c       [type] 1   [path] ..\..\libraries\drivers\src\at32f421_gpio.c
[old name] at32f421_pwc.c        [type] 1   [path] ..\..\libraries\drivers\src\at32f421_pwc.c
[old name] at32f421_adc.c        [type] 1   [path] ..\..\libraries\drivers\src\at32f421_adc.c
[old name] at32f421_dma.c        [type] 1   [path] ..\..\libraries\drivers\src\at32f421_dma.c
[old name] at32f421_debug.c      [type] 1   [path] ..\..\libraries\drivers\src\at32f421_debug.c
[old name] at32f421_flash.c      [type] 1   [path] ..\..\libraries\drivers\src\at32f421_flash.c
[old name] at32f421_misc.c       [type] 1   [path] ..\..\libraries\drivers\src\at32f421_misc.c
[old name] at32f421_scfg.c       [type] 1   [path] ..\..\libraries\drivers\src\at32f421_scfg.c
[old name] system_at32f421.c     [type] 1   [path] ..\..\libraries\cmsis\cm4\device_support\system_at32f421.c
[old name] startup_at32f421.s    [type] 1   [path] .\startup_at32f421.s

[record region info]
[load region] LR_IROM1
	[execution region] ER_IROM1, 0x08000000, 0x00010000, 0x00001260 [type] 2 [ID] 3
	[execution region] RW_IRAM1, 0x20000000, 0x00004000, 0x00000410 [type] 1 [ID] 2
[memory print mode]: 0
LR_IROM1
        RAM 1             [0x20000000 | 0x00004000 (16384)]
                [zi start] 1   [zi end] 3
                RW_IRAM1  [0x20000000]|¡ö¡õ¡õ_______________________________________________| (   1.0 KB /  16.0 KB )   6.3%  
 
        FLASH 1           [0x08000000 | 0x00010000 (65536)]
                ER_IROM1  [0x08000000]|¡ö¡ö¡ö_______________________________________________| (   4.5 KB /  64.0 KB )   7.2%  
 
[htm file path] C:\Users\liuyu\Desktop\WorkPlace\LLC_Buck\AT32F421C8T7_LLC_Buck\AT32F421C8T7_LLC_Buck\project\MDK_V5\objects\AT32F421C8T7_LLC_Buck.htm
Maximum Stack Usage =         64 bytes + Unknown(Cycles, Untraceable Function Pointers)
 
=============================================================================================================================

run time: 0.168 s
